[0.005s][info][gc,init] Initializing The Z Garbage Collector
[0.005s][info][gc,init] Version: 21.0.1+12 (release)
[0.005s][info][gc,init] NUMA Support: Disabled
[0.005s][info][gc,init] CPUs: 4 total, 4 available
[0.005s][info][gc,init] Memory: 7680M
[0.005s][info][gc,init] Large Page Support: Disabled
[0.005s][info][gc,init] Address Space Type: Contiguous/Unrestricted/Complete
[0.005s][info][gc,init] Address Space Size: 98304M
[0.005s][info][gc,init] Heap Backing File: /memfd:java_heap
[0.005s][info][gc,init] Heap Backing Filesystem: tmpfs (0x1021994)
[0.006s][info][gc,init] Min Capacity: 8M
[0.006s][info][gc,init] Initial Capacity: 122M
[0.006s][info][gc,init] Max Capacity: 6144M
[0.006s][info][gc,init] Soft Max Capacity: 6144M
[0.006s][info][gc,init] Medium Page Size: 32M
[0.006s][info][gc,init] Pre-touch: Disabled
[0.006s][info][gc,init] Available space on backing filesystem: N/A
[0.006s][info][gc,init] Uncommit: Enabled
[0.006s][info][gc,init] Uncommit Delay: 300s
[0.006s][info][gc,init] GC Workers for Old Generation: 1 (dynamic)
[0.007s][info][gc,init] GC Workers for Young Generation: 1 (dynamic)
[0.031s][info][gc,init] GC Workers Max: 1 (dynamic)
[0.031s][info][gc,init] Runtime Workers: 3
[0.032s][info][gc     ] Using The Z Garbage Collector
[0.054s][info][gc,metaspace] CDS archive(s) mapped at: [0x00007fd03f000000-0x00007fd03fcab000-0x00007fd03fcab000), size 13283328, SharedBaseAddress: 0x00007fd03f000000, ArchiveRelocationMode: 1.
[0.054s][info][gc,metaspace] Compressed class space mapped at: 0x00007fd040000000-0x00007fd080000000, reserved size: 1073741824
[0.054s][info][gc,metaspace] Narrow klass base: 0x00007fd03f000000, Narrow klass shift: 0, Narrow klass range: 0x100000000
[0.931s][info][gc          ] GC(0) Major Collection (Warmup)
[0.931s][info][gc,task     ] GC(0) Using 1 Workers for Young Generation
[0.931s][info][gc,task     ] GC(0) Using 1 Workers for Old Generation
[0.931s][info][gc,phases   ] GC(0) Y: Young Generation
[0.931s][info][gc,phases   ] GC(0) Y: Pause Mark Start (Major) 0.019ms
[0.953s][info][gc,phases   ] GC(0) Y: Concurrent Mark 21.925ms
[0.954s][info][gc,phases   ] GC(0) Y: Pause Mark End 0.023ms
[0.954s][info][gc,phases   ] GC(0) Y: Concurrent Mark Free 0.001ms
[0.954s][info][gc,phases   ] GC(0) Y: Concurrent Reset Relocation Set 0.001ms
[0.964s][info][gc,reloc    ] GC(0) Y: Using tenuring threshold: 1 (Computed)
[0.964s][info][gc,phases   ] GC(0) Y: Concurrent Select Relocation Set 10.392ms
[0.965s][info][gc,phases   ] GC(0) Y: Pause Relocate Start 0.015ms
[0.966s][info][gc,phases   ] GC(0) Y: Concurrent Relocate 1.521ms
[0.966s][info][gc,alloc    ] GC(0) Y:                         Mark Start        Mark End      Relocate Start    Relocate End   
[0.966s][info][gc,alloc    ] GC(0) Y: Allocation Stalls:          0                0                0                0         
[0.966s][info][gc,load     ] GC(0) Y: Load: 1.04 (26%) / 0.71 (18%) / 0.67 (17%)
[0.966s][info][gc,mmu      ] GC(0) Y: MMU: 2ms/98.9%, 5ms/99.5%, 10ms/99.8%, 20ms/99.8%, 50ms/99.9%, 100ms/99.9%
[0.966s][info][gc,marking  ] GC(0) Y: Mark: 1 stripe(s), 2 proactive flush(es), 1 terminate flush(es), 0 completion(s), 0 continuation(s) 
[0.966s][info][gc,marking  ] GC(0) Y: Mark Stack Usage: 32M
[0.966s][info][gc,nmethod  ] GC(0) Y: NMethods: 324 registered, 0 unregistered
[0.966s][info][gc,metaspace] GC(0) Y: Metaspace: 0M used, 0M committed, 1088M reserved
[0.966s][info][gc,reloc    ] GC(0) Y:                        Candidates     Selected     In-Place         Size        Empty    Relocated 
[0.966s][info][gc,reloc    ] GC(0) Y: Small Pages:                  308            2            0         616M           0M           0M 
[0.966s][info][gc,reloc    ] GC(0) Y: Medium Pages:                   0            0            0           0M           0M           0M 
[0.966s][info][gc,reloc    ] GC(0) Y: Large Pages:                    0            0            0           0M           0M           0M 
[0.966s][info][gc,reloc    ] GC(0) Y: Forwarding Usage: 0M
[0.966s][info][gc,reloc    ] GC(0) Y: Age Table:
[0.966s][info][gc,reloc    ] GC(0) Y:                    Live             Garbage             Small              Medium             Large        
[0.966s][info][gc,reloc    ] GC(0) Y: Eden             582M (9%)           33M (1%)         308 / 2              0 / 0              0 / 0        
[0.966s][info][gc,heap     ] GC(0) Y: Min Capacity: 8M(0%)
[0.966s][info][gc,heap     ] GC(0) Y: Max Capacity: 6144M(100%)
[0.966s][info][gc,heap     ] GC(0) Y: Soft Max Capacity: 6144M(100%)
[0.966s][info][gc,heap     ] GC(0) Y: Heap Statistics:
[0.966s][info][gc,heap     ] GC(0) Y:                Mark Start          Mark End        Relocate Start      Relocate End           High               Low         
[0.966s][info][gc,heap     ] GC(0) Y:  Capacity:      616M (10%)         632M (10%)         640M (10%)         644M (10%)         644M (10%)         616M (10%)    
[0.967s][info][gc,heap     ] GC(0) Y:      Free:     5528M (90%)        5512M (90%)        5504M (90%)        5506M (90%)        5528M (90%)        5500M (90%)    
[0.967s][info][gc,heap     ] GC(0) Y:      Used:      616M (10%)         632M (10%)         640M (10%)         638M (10%)         644M (10%)         616M (10%)    
[0.967s][info][gc,heap     ] GC(0) Y: Young Generation Statistics:
[0.967s][info][gc,heap     ] GC(0) Y:                Mark Start          Mark End        Relocate Start      Relocate End    
[0.967s][info][gc,heap     ] GC(0) Y:      Used:      616M (10%)         632M (10%)         640M (10%)         638M (10%)    
[0.967s][info][gc,heap     ] GC(0) Y:      Live:         -               582M (9%)          582M (9%)          582M (9%)     
[0.967s][info][gc,heap     ] GC(0) Y:   Garbage:         -                33M (1%)           33M (1%)           28M (0%)     
[0.967s][info][gc,heap     ] GC(0) Y: Allocated:         -                16M (0%)           24M (0%)           27M (0%)     
[0.967s][info][gc,heap     ] GC(0) Y: Reclaimed:         -                  -                 0M (0%)            5M (0%)     
[0.967s][info][gc,heap     ] GC(0) Y:  Promoted:         -                  -                 0M (0%)            0M (0%)     
[0.967s][info][gc,heap     ] GC(0) Y: Compacted:         -                  -                  -                 0M (0%)     
[0.967s][info][gc,phases   ] GC(0) Y: Young Generation 616M(10%)->638M(10%) 0.036s
[0.967s][info][gc,phases   ] GC(0) O: Old Generation
[0.967s][info][gc,phases   ] GC(0) O: Concurrent Mark 0.698ms
[0.968s][info][gc,phases   ] GC(0) O: Pause Mark End 0.015ms
[0.968s][info][gc,phases   ] GC(0) O: Concurrent Mark Free 0.026ms
[0.969s][info][gc,phases   ] GC(0) O: Concurrent Process Non-Strong 0.958ms
[0.969s][info][gc,phases   ] GC(0) O: Concurrent Reset Relocation Set 0.001ms
[0.973s][info][gc,phases   ] GC(0) O: Concurrent Select Relocation Set 4.281ms
[0.973s][info][gc,task     ] GC(0) O: Using 1 Workers for Old Generation
[1.004s][info][gc,task     ] GC(0) O: Using 1 Workers for Old Generation
[1.004s][info][gc,phases   ] GC(0) O: Concurrent Remap Roots 30.686ms
[1.004s][info][gc,phases   ] GC(0) O: Pause Relocate Start 0.014ms
[1.004s][info][gc,phases   ] GC(0) O: Concurrent Relocate 0.066ms
[1.004s][info][gc,alloc    ] GC(0) O:                         Mark Start        Mark End      Relocate Start    Relocate End   
[1.004s][info][gc,alloc    ] GC(0) O: Allocation Stalls:          0                0                0                0         
[1.004s][info][gc,load     ] GC(0) O: Load: 1.04 (26%) / 0.71 (18%) / 0.67 (17%)
[1.004s][info][gc,mmu      ] GC(0) O: MMU: 2ms/98.9%, 5ms/99.4%, 10ms/99.7%, 20ms/99.7%, 50ms/99.9%, 100ms/99.9%
[1.004s][info][gc,marking  ] GC(0) O: Mark: 1 stripe(s), 1 proactive flush(es), 1 terminate flush(es), 0 completion(s), 0 continuation(s) 
[1.004s][info][gc,marking  ] GC(0) O: Mark Stack Usage: 0M
[1.004s][info][gc,nmethod  ] GC(0) O: NMethods: 301 registered, 23 unregistered
[1.004s][info][gc,metaspace] GC(0) O: Metaspace: 0M used, 0M committed, 1088M reserved
[1.004s][info][gc,ref      ] GC(0) O:                       Encountered   Discovered     Enqueued 
[1.004s][info][gc,ref      ] GC(0) O: Soft References:               32            0            0 
[1.004s][info][gc,ref      ] GC(0) O: Weak References:              122            0            0 
[1.004s][info][gc,ref      ] GC(0) O: Final References:               0            0            0 
[1.004s][info][gc,ref      ] GC(0) O: Phantom References:             5            0            0 
[1.004s][info][gc,heap     ] GC(0) O: Min Capacity: 8M(0%)
[1.005s][info][gc,heap     ] GC(0) O: Max Capacity: 6144M(100%)
[1.005s][info][gc,heap     ] GC(0) O: Soft Max Capacity: 6144M(100%)
[1.005s][info][gc,heap     ] GC(0) O: Heap Statistics:
[1.005s][info][gc,heap     ] GC(0) O:                Mark Start          Mark End        Relocate Start      Relocate End           High               Low         
[1.005s][info][gc,heap     ] GC(0) O:  Capacity:      616M (10%)         644M (10%)         668M (11%)         668M (11%)         668M (11%)         616M (10%)    
[1.005s][info][gc,heap     ] GC(0) O:      Free:     5528M (90%)        5506M (90%)        5476M (89%)        5476M (89%)        5528M (90%)        5476M (89%)    
[1.005s][info][gc,heap     ] GC(0) O:      Used:      616M (10%)         638M (10%)         668M (11%)         668M (11%)         668M (11%)         616M (10%)    
[1.005s][info][gc,heap     ] GC(0) O: Old Generation Statistics:
[1.005s][info][gc,heap     ] GC(0) O:                Mark Start          Mark End        Relocate Start      Relocate End    
[1.005s][info][gc,heap     ] GC(0) O:      Used:        0M (0%)            0M (0%)            0M (0%)            0M (0%)     
[1.005s][info][gc,heap     ] GC(0) O:      Live:         -                 0M (0%)            0M (0%)            0M (0%)     
[1.005s][info][gc,heap     ] GC(0) O:   Garbage:         -                 0M (0%)            0M (0%)            0M (0%)     
[1.005s][info][gc,heap     ] GC(0) O: Allocated:         -                 0M (0%)            0M (0%)            0M (0%)     
[1.005s][info][gc,heap     ] GC(0) O: Reclaimed:         -                  -                 0M (0%)            0M (0%)     
[1.005s][info][gc,heap     ] GC(0) O: Compacted:         -                  -                  -                 0M (0%)     
[1.005s][info][gc,phases   ] GC(0) O: Old Generation 638M(10%)->668M(11%) 0.038s
[1.005s][info][gc          ] GC(0) Major Collection (Warmup) 616M(10%)->668M(11%) 0.074s
[1.870s][info][gc          ] GC(1) Major Collection (Warmup)
[1.870s][info][gc,task     ] GC(1) Using 1 Workers for Young Generation
[1.871s][info][gc,task     ] GC(1) Using 1 Workers for Old Generation
[1.871s][info][gc,phases   ] GC(1) Y: Young Generation
[1.872s][info][gc,phases   ] GC(1) Y: Pause Mark Start (Major) 0.021ms
[1.918s][info][gc,phases   ] GC(1) Y: Concurrent Mark 45.678ms
[1.918s][info][gc,phases   ] GC(1) Y: Pause Mark End 0.014ms
[1.918s][info][gc,phases   ] GC(1) Y: Concurrent Mark Free 0.001ms
[1.918s][info][gc,phases   ] GC(1) Y: Concurrent Reset Relocation Set 0.001ms
[1.923s][info][gc,reloc    ] GC(1) Y: Using tenuring threshold: 1 (Computed)
[1.959s][info][gc,phases   ] GC(1) Y: Concurrent Select Relocation Set 40.974ms
[1.960s][info][gc,phases   ] GC(1) Y: Pause Relocate Start 0.015ms
[1.969s][info][gc,phases   ] GC(1) Y: Concurrent Relocate 9.136ms
[1.969s][info][gc,alloc    ] GC(1) Y:                         Mark Start        Mark End      Relocate Start    Relocate End   
[1.969s][info][gc,alloc    ] GC(1) Y: Allocation Stalls:          0                0                0                0         
[1.969s][info][gc,load     ] GC(1) Y: Load: 1.04 (26%) / 0.71 (18%) / 0.67 (17%)
[1.969s][info][gc,mmu      ] GC(1) Y: MMU: 2ms/98.9%, 5ms/99.4%, 10ms/99.7%, 20ms/99.7%, 50ms/99.9%, 100ms/99.9%
[1.969s][info][gc,marking  ] GC(1) Y: Mark: 1 stripe(s), 2 proactive flush(es), 1 terminate flush(es), 0 completion(s), 0 continuation(s) 
[1.969s][info][gc,marking  ] GC(1) Y: Mark Stack Usage: 32M
[1.970s][info][gc,nmethod  ] GC(1) Y: NMethods: 366 registered, 23 unregistered
[1.970s][info][gc,metaspace] GC(1) Y: Metaspace: 0M used, 0M committed, 1088M reserved
[1.970s][info][gc,reloc    ] GC(1) Y:                        Candidates     Selected     In-Place         Size        Empty    Relocated 
[1.970s][info][gc,reloc    ] GC(1) Y: Small Pages:                  618            1            0        1236M           0M           0M 
[1.970s][info][gc,reloc    ] GC(1) Y: Medium Pages:                   0            0            0           0M           0M           0M 
[1.970s][info][gc,reloc    ] GC(1) Y: Large Pages:                    0            0            0           0M           0M           0M 
[1.970s][info][gc,reloc    ] GC(1) Y: Forwarding Usage: 0M
[1.970s][info][gc,reloc    ] GC(1) Y: Age Table:
[1.970s][info][gc,reloc    ] GC(1) Y:                    Live             Garbage             Small              Medium             Large        
[1.970s][info][gc,reloc    ] GC(1) Y: Eden             593M (10%)          30M (0%)         312 / 0              0 / 0              0 / 0        
[1.970s][info][gc,reloc    ] GC(1) Y: Survivor 1       582M (9%)           29M (0%)         306 / 1              0 / 0              0 / 0        
[1.970s][info][gc,heap     ] GC(1) Y: Min Capacity: 8M(0%)
[1.970s][info][gc,heap     ] GC(1) Y: Max Capacity: 6144M(100%)
[1.970s][info][gc,heap     ] GC(1) Y: Soft Max Capacity: 6144M(100%)
[1.970s][info][gc,heap     ] GC(1) Y: Heap Statistics:
[1.970s][info][gc,heap     ] GC(1) Y:                Mark Start          Mark End        Relocate Start      Relocate End           High               Low         
[1.970s][info][gc,heap     ] GC(1) Y:  Capacity:     1236M (20%)        1260M (21%)        1278M (21%)        1282M (21%)        1282M (21%)        1236M (20%)    
[1.970s][info][gc,heap     ] GC(1) Y:      Free:     4908M (80%)        4884M (79%)        4866M (79%)        4862M (79%)        4908M (80%)        4862M (79%)    
[1.970s][info][gc,heap     ] GC(1) Y:      Used:     1236M (20%)        1260M (21%)        1278M (21%)        1282M (21%)        1282M (21%)        1236M (20%)    
[1.970s][info][gc,heap     ] GC(1) Y: Young Generation Statistics:
[1.970s][info][gc,heap     ] GC(1) Y:                Mark Start          Mark End        Relocate Start      Relocate End    
[1.970s][info][gc,heap     ] GC(1) Y:      Used:     1236M (20%)        1260M (21%)         668M (11%)         670M (11%)    
[1.970s][info][gc,heap     ] GC(1) Y:      Live:         -              1175M (19%)         594M (10%)         593M (10%)    
[1.970s][info][gc,heap     ] GC(1) Y:   Garbage:         -                60M (1%)           31M (1%)           28M (0%)     
[1.970s][info][gc,heap     ] GC(1) Y: Allocated:         -                24M (0%)           42M (1%)           47M (1%)     
[1.970s][info][gc,heap     ] GC(1) Y: Reclaimed:         -                  -                28M (0%)           31M (1%)     
[1.970s][info][gc,heap     ] GC(1) Y:  Promoted:         -                  -               581M (9%)          582M (9%)     
[1.970s][info][gc,heap     ] GC(1) Y: Compacted:         -                  -                  -                 0M (0%)     
[1.970s][info][gc,phases   ] GC(1) Y: Young Generation 1236M(20%)->1282M(21%) 0.098s
[1.970s][info][gc,phases   ] GC(1) O: Old Generation
[1.971s][info][gc,phases   ] GC(1) O: Concurrent Mark 0.532ms
[1.971s][info][gc,phases   ] GC(1) O: Pause Mark End 0.015ms
[1.971s][info][gc,phases   ] GC(1) O: Concurrent Mark Free 0.001ms
[1.972s][info][gc,phases   ] GC(1) O: Concurrent Process Non-Strong 1.208ms
[1.972s][info][gc,phases   ] GC(1) O: Concurrent Reset Relocation Set 0.001ms
[1.977s][info][gc,phases   ] GC(1) O: Concurrent Select Relocation Set 4.682ms
[1.977s][info][gc,task     ] GC(1) O: Using 1 Workers for Old Generation
[2.008s][info][gc,task     ] GC(1) O: Using 1 Workers for Old Generation
[2.008s][info][gc,phases   ] GC(1) O: Concurrent Remap Roots 31.078ms
[2.009s][info][gc,phases   ] GC(1) O: Pause Relocate Start 0.013ms
[2.009s][info][gc,phases   ] GC(1) O: Concurrent Relocate 0.056ms
[2.009s][info][gc,alloc    ] GC(1) O:                         Mark Start        Mark End      Relocate Start    Relocate End   
[2.009s][info][gc,alloc    ] GC(1) O: Allocation Stalls:          0                0                0                0         
[2.009s][info][gc,load     ] GC(1) O: Load: 1.04 (26%) / 0.71 (18%) / 0.67 (17%)
[2.009s][info][gc,mmu      ] GC(1) O: MMU: 2ms/98.9%, 5ms/99.4%, 10ms/99.7%, 20ms/99.7%, 50ms/99.9%, 100ms/99.9%
[2.009s][info][gc,marking  ] GC(1) O: Mark: 1 stripe(s), 1 proactive flush(es), 1 terminate flush(es), 0 completion(s), 0 continuation(s) 
[2.009s][info][gc,marking  ] GC(1) O: Mark Stack Usage: 0M
[2.009s][info][gc,nmethod  ] GC(1) O: NMethods: 310 registered, 80 unregistered
[2.009s][info][gc,metaspace] GC(1) O: Metaspace: 0M used, 0M committed, 1088M reserved
[2.009s][info][gc,ref      ] GC(1) O:                       Encountered   Discovered     Enqueued 
[2.009s][info][gc,ref      ] GC(1) O: Soft References:               32            0            0 
[2.009s][info][gc,ref      ] GC(1) O: Weak References:              122            0            0 
[2.009s][info][gc,ref      ] GC(1) O: Final References:               0            0            0 
[2.009s][info][gc,ref      ] GC(1) O: Phantom References:             5            0            0 
[2.009s][info][gc,heap     ] GC(1) O: Min Capacity: 8M(0%)
[2.009s][info][gc,heap     ] GC(1) O: Max Capacity: 6144M(100%)
[2.009s][info][gc,heap     ] GC(1) O: Soft Max Capacity: 6144M(100%)
[2.009s][info][gc,heap     ] GC(1) O: Heap Statistics:
[2.009s][info][gc,heap     ] GC(1) O:                Mark Start          Mark End        Relocate Start      Relocate End           High               Low         
[2.009s][info][gc,heap     ] GC(1) O:  Capacity:     1236M (20%)        1282M (21%)        1318M (21%)        1318M (21%)        1318M (21%)        1236M (20%)    
[2.009s][info][gc,heap     ] GC(1) O:      Free:     4908M (80%)        4862M (79%)        4826M (79%)        4826M (79%)        4908M (80%)        4826M (79%)    
[2.009s][info][gc,heap     ] GC(1) O:      Used:     1236M (20%)        1282M (21%)        1318M (21%)        1318M (21%)        1318M (21%)        1236M (20%)    
[2.009s][info][gc,heap     ] GC(1) O: Old Generation Statistics:
[2.009s][info][gc,heap     ] GC(1) O:                Mark Start          Mark End        Relocate Start      Relocate End    
[2.009s][info][gc,heap     ] GC(1) O:      Used:        0M (0%)          612M (10%)         612M (10%)         612M (10%)    
[2.009s][info][gc,heap     ] GC(1) O:      Live:         -                 0M (0%)            0M (0%)            0M (0%)     
[2.009s][info][gc,heap     ] GC(1) O:   Garbage:         -                 0M (0%)            0M (0%)            0M (0%)     
[2.009s][info][gc,heap     ] GC(1) O: Allocated:         -               612M (10%)         612M (10%)         612M (10%)    
[2.009s][info][gc,heap     ] GC(1) O: Reclaimed:         -                  -                 0M (0%)            0M (0%)     
[2.009s][info][gc,heap     ] GC(1) O: Compacted:         -                  -                  -                 0M (0%)     
[2.009s][info][gc,phases   ] GC(1) O: Old Generation 1282M(21%)->1318M(21%) 0.039s
[2.009s][info][gc          ] GC(1) Major Collection (Warmup) 1236M(20%)->1318M(21%) 0.139s
[2.453s][info][gc          ] GC(2) Major Collection (Warmup)
[2.453s][info][gc,task     ] GC(2) Using 1 Workers for Young Generation
[2.453s][info][gc,task     ] GC(2) Using 1 Workers for Old Generation
[2.453s][info][gc,phases   ] GC(2) Y: Young Generation
[2.453s][info][gc,phases   ] GC(2) Y: Pause Mark Start (Major) 0.014ms
[2.477s][info][gc,phases   ] GC(2) Y: Concurrent Mark 24.535ms
[2.478s][info][gc,phases   ] GC(2) Y: Pause Mark End 0.016ms
[2.478s][info][gc,phases   ] GC(2) Y: Concurrent Mark Free 0.001ms
[2.478s][info][gc,phases   ] GC(2) Y: Concurrent Reset Relocation Set 0.165ms
[2.482s][info][gc,reloc    ] GC(2) Y: Using tenuring threshold: 1 (Computed)
[2.506s][info][gc,phases   ] GC(2) Y: Concurrent Select Relocation Set 28.404ms
[2.507s][info][gc,phases   ] GC(2) Y: Pause Relocate Start 0.014ms
[2.512s][info][gc,phases   ] GC(2) Y: Concurrent Relocate 5.224ms
[2.512s][info][gc,alloc    ] GC(2) Y:                         Mark Start        Mark End      Relocate Start    Relocate End   
[2.512s][info][gc,alloc    ] GC(2) Y: Allocation Stalls:          0                0                0                0         
[2.512s][info][gc,load     ] GC(2) Y: Load: 1.04 (26%) / 0.71 (18%) / 0.67 (17%)
[2.512s][info][gc,mmu      ] GC(2) Y: MMU: 2ms/98.9%, 5ms/99.4%, 10ms/99.7%, 20ms/99.7%, 50ms/99.9%, 100ms/99.9%
[2.512s][info][gc,marking  ] GC(2) Y: Mark: 1 stripe(s), 2 proactive flush(es), 1 terminate flush(es), 0 completion(s), 0 continuation(s) 
[2.512s][info][gc,marking  ] GC(2) Y: Mark Stack Usage: 32M
[2.512s][info][gc,nmethod  ] GC(2) Y: NMethods: 310 registered, 80 unregistered
[2.512s][info][gc,metaspace] GC(2) Y: Metaspace: 0M used, 0M committed, 1088M reserved
[2.512s][info][gc,reloc    ] GC(2) Y:                        Candidates     Selected     In-Place         Size        Empty    Relocated 
[2.512s][info][gc,reloc    ] GC(2) Y: Small Pages:                  618            1            0        1236M           0M           0M 
[2.512s][info][gc,reloc    ] GC(2) Y: Medium Pages:                   0            0            0           0M           0M           0M 
[2.512s][info][gc,reloc    ] GC(2) Y: Large Pages:                    0            0            0           0M           0M           0M 
[2.512s][info][gc,reloc    ] GC(2) Y: Forwarding Usage: 0M
[2.512s][info][gc,reloc    ] GC(2) Y: Age Table:
[2.512s][info][gc,reloc    ] GC(2) Y:                    Live             Garbage             Small              Medium             Large        
[2.512s][info][gc,reloc    ] GC(2) Y: Eden             582M (9%)           29M (0%)         306 / 0              0 / 0              0 / 0        
[2.512s][info][gc,reloc    ] GC(2) Y: Survivor 1       593M (10%)          30M (0%)         312 / 1              0 / 0              0 / 0        
[2.512s][info][gc,heap     ] GC(2) Y: Min Capacity: 8M(0%)
[2.512s][info][gc,heap     ] GC(2) Y: Max Capacity: 6144M(100%)
[2.512s][info][gc,heap     ] GC(2) Y: Soft Max Capacity: 6144M(100%)
[2.512s][info][gc,heap     ] GC(2) Y: Heap Statistics:
[2.512s][info][gc,heap     ] GC(2) Y:                Mark Start          Mark End        Relocate Start      Relocate End           High               Low         
[2.512s][info][gc,heap     ] GC(2) Y:  Capacity:     1848M (30%)        1870M (30%)        1890M (31%)        1898M (31%)        1898M (31%)        1848M (30%)    
[2.512s][info][gc,heap     ] GC(2) Y:      Free:     4296M (70%)        4274M (70%)        4254M (69%)        4246M (69%)        4296M (70%)        4246M (69%)    
[2.512s][info][gc,heap     ] GC(2) Y:      Used:     1848M (30%)        1870M (30%)        1890M (31%)        1898M (31%)        1898M (31%)        1848M (30%)    
[2.512s][info][gc,heap     ] GC(2) Y: Young Generation Statistics:
[2.512s][info][gc,heap     ] GC(2) Y:                Mark Start          Mark End        Relocate Start      Relocate End    
[2.512s][info][gc,heap     ] GC(2) Y:      Used:     1236M (20%)        1258M (20%)         656M (11%)         660M (11%)    
[2.512s][info][gc,heap     ] GC(2) Y:      Live:         -              1175M (19%)         582M (9%)          582M (9%)     
[2.512s][info][gc,heap     ] GC(2) Y:   Garbage:         -                60M (1%)           31M (1%)           27M (0%)     
[2.512s][info][gc,heap     ] GC(2) Y: Allocated:         -                22M (0%)           42M (1%)           49M (1%)     
[2.512s][info][gc,heap     ] GC(2) Y: Reclaimed:         -                  -                28M (0%)           32M (1%)     
[2.512s][info][gc,heap     ] GC(2) Y:  Promoted:         -                  -               593M (10%)         593M (10%)    
[2.512s][info][gc,heap     ] GC(2) Y: Compacted:         -                  -                  -                 0M (0%)     
[2.512s][info][gc,phases   ] GC(2) Y: Young Generation 1848M(30%)->1898M(31%) 0.059s
[2.512s][info][gc,phases   ] GC(2) O: Old Generation
[2.533s][info][gc,phases   ] GC(2) O: Concurrent Mark 20.245ms
[2.533s][info][gc,phases   ] GC(2) O: Pause Mark End 0.017ms
[2.533s][info][gc,phases   ] GC(2) O: Concurrent Mark Free 0.001ms
[2.534s][info][gc,phases   ] GC(2) O: Concurrent Process Non-Strong 1.011ms
[2.534s][info][gc,phases   ] GC(2) O: Concurrent Reset Relocation Set 0.001ms
[2.538s][info][gc,phases   ] GC(2) O: Concurrent Select Relocation Set 4.332ms
[2.538s][info][gc,task     ] GC(2) O: Using 1 Workers for Old Generation
[2.569s][info][gc,task     ] GC(2) O: Using 1 Workers for Old Generation
[2.569s][info][gc,phases   ] GC(2) O: Concurrent Remap Roots 31.142ms
[2.569s][info][gc,phases   ] GC(2) O: Pause Relocate Start 0.016ms
[2.570s][info][gc,phases   ] GC(2) O: Concurrent Relocate 0.052ms
[2.570s][info][gc,alloc    ] GC(2) O:                         Mark Start        Mark End      Relocate Start    Relocate End   
[2.570s][info][gc,alloc    ] GC(2) O: Allocation Stalls:          0                0                0                0         
[2.570s][info][gc,load     ] GC(2) O: Load: 1.04 (26%) / 0.71 (18%) / 0.67 (17%)
[2.570s][info][gc,mmu      ] GC(2) O: MMU: 2ms/98.9%, 5ms/99.4%, 10ms/99.7%, 20ms/99.7%, 50ms/99.9%, 100ms/99.9%
[2.570s][info][gc,marking  ] GC(2) O: Mark: 1 stripe(s), 2 proactive flush(es), 1 terminate flush(es), 0 completion(s), 0 continuation(s) 
[2.570s][info][gc,marking  ] GC(2) O: Mark Stack Usage: 32M
[2.570s][info][gc,nmethod  ] GC(2) O: NMethods: 301 registered, 89 unregistered
[2.570s][info][gc,metaspace] GC(2) O: Metaspace: 0M used, 0M committed, 1088M reserved
[2.570s][info][gc,ref      ] GC(2) O:                       Encountered   Discovered     Enqueued 
[2.570s][info][gc,ref      ] GC(2) O: Soft References:               32            0            0 
[2.570s][info][gc,ref      ] GC(2) O: Weak References:              122           88           24 
[2.570s][info][gc,ref      ] GC(2) O: Final References:               0            0            0 
[2.570s][info][gc,ref      ] GC(2) O: Phantom References:             5            5            4 
[2.570s][info][gc,reloc    ] GC(2) O:                        Candidates     Selected     In-Place         Size        Empty    Relocated 
[2.570s][info][gc,reloc    ] GC(2) O: Small Pages:                  306            0            0         612M           0M           0M 
[2.570s][info][gc,reloc    ] GC(2) O: Medium Pages:                   0            0            0           0M           0M           0M 
[2.570s][info][gc,reloc    ] GC(2) O: Large Pages:                    0            0            0           0M           0M           0M 
[2.570s][info][gc,reloc    ] GC(2) O: Forwarding Usage: 0M
[2.570s][info][gc,heap     ] GC(2) O: Min Capacity: 8M(0%)
[2.570s][info][gc,heap     ] GC(2) O: Max Capacity: 6144M(100%)
[2.570s][info][gc,heap     ] GC(2) O: Soft Max Capacity: 6144M(100%)
[2.570s][info][gc,heap     ] GC(2) O: Heap Statistics:
[2.570s][info][gc,heap     ] GC(2) O:                Mark Start          Mark End        Relocate Start      Relocate End           High               Low         
[2.570s][info][gc,heap     ] GC(2) O:  Capacity:     1848M (30%)        1914M (31%)        1956M (32%)        1958M (32%)        1958M (32%)        1848M (30%)    
[2.570s][info][gc,heap     ] GC(2) O:      Free:     4296M (70%)        4230M (69%)        4188M (68%)        4186M (68%)        4296M (70%)        4186M (68%)    
[2.570s][info][gc,heap     ] GC(2) O:      Used:     1848M (30%)        1914M (31%)        1956M (32%)        1958M (32%)        1958M (32%)        1848M (30%)    
[2.570s][info][gc,heap     ] GC(2) O: Old Generation Statistics:
[2.570s][info][gc,heap     ] GC(2) O:                Mark Start          Mark End        Relocate Start      Relocate End    
[2.571s][info][gc,heap     ] GC(2) O:      Used:      612M (10%)        1236M (20%)        1236M (20%)        1236M (20%)    
[2.571s][info][gc,heap     ] GC(2) O:      Live:         -               582M (9%)          582M (9%)          582M (9%)     
[2.571s][info][gc,heap     ] GC(2) O:   Garbage:         -                29M (0%)           29M (0%)           29M (0%)     
[2.571s][info][gc,heap     ] GC(2) O: Allocated:         -               624M (10%)         624M (10%)         624M (10%)    
[2.571s][info][gc,heap     ] GC(2) O: Reclaimed:         -                  -                 0M (0%)            0M (0%)     
[2.571s][info][gc,heap     ] GC(2) O: Compacted:         -                  -                  -                 0M (0%)     
[2.571s][info][gc,phases   ] GC(2) O: Old Generation 1898M(31%)->1958M(32%) 0.058s
[2.571s][info][gc          ] GC(2) Major Collection (Warmup) 1848M(30%)->1958M(32%) 0.118s
[6.534s][info][gc          ] GC(3) Minor Collection (Allocation Rate)
[6.535s][info][gc,task     ] GC(3) Using 1 Workers for Young Generation
[6.535s][info][gc,phases   ] GC(3) y: Young Generation
[6.538s][info][gc,phases   ] GC(3) y: Pause Mark Start 0.028ms
[7.132s][info][gc,phases   ] GC(3) y: Concurrent Mark 587.769ms
[7.132s][info][gc,phases   ] GC(3) y: Pause Mark End 0.016ms
[7.132s][info][gc,phases   ] GC(3) y: Concurrent Mark Free 0.001ms
[7.132s][info][gc,phases   ] GC(3) y: Concurrent Reset Relocation Set 0.325ms
[7.138s][info][gc,reloc    ] GC(3) y: Using tenuring threshold: 1 (Computed)
[7.170s][info][gc,phases   ] GC(3) y: Concurrent Select Relocation Set 37.652ms
[7.170s][info][gc,phases   ] GC(3) y: Pause Relocate Start 0.013ms
[7.177s][info][gc,phases   ] GC(3) y: Concurrent Relocate 6.509ms
[7.177s][info][gc,alloc    ] GC(3) y:                         Mark Start        Mark End      Relocate Start    Relocate End   
[7.177s][info][gc,alloc    ] GC(3) y: Allocation Stalls:          0                0                0                0         
[7.177s][info][gc,load     ] GC(3) y: Load: 1.20 (30%) / 0.75 (19%) / 0.68 (17%)
[7.177s][info][gc,mmu      ] GC(3) y: MMU: 2ms/98.6%, 5ms/99.4%, 10ms/99.7%, 20ms/99.7%, 50ms/99.9%, 100ms/99.9%
[7.177s][info][gc,marking  ] GC(3) y: Mark: 1 stripe(s), 2 proactive flush(es), 1 terminate flush(es), 0 completion(s), 0 continuation(s) 
[7.177s][info][gc,marking  ] GC(3) y: Mark Stack Usage: 32M
[7.177s][info][gc,nmethod  ] GC(3) y: NMethods: 301 registered, 89 unregistered
[7.177s][info][gc,metaspace] GC(3) y: Metaspace: 0M used, 0M committed, 1088M reserved
[7.177s][info][gc,reloc    ] GC(3) y:                        Candidates     Selected     In-Place         Size        Empty    Relocated 
[7.177s][info][gc,reloc    ] GC(3) y: Small Pages:                 2258            2            0        4516M           0M           0M 
[7.177s][info][gc,reloc    ] GC(3) y: Medium Pages:                   0            0            0           0M           0M           0M 
[7.177s][info][gc,reloc    ] GC(3) y: Large Pages:                    0            0            0           0M           0M           0M 
[7.177s][info][gc,reloc    ] GC(3) y: Forwarding Usage: 0M
[7.177s][info][gc,reloc    ] GC(3) y: Age Table:
[7.177s][info][gc,reloc    ] GC(3) y:                    Live             Garbage             Small              Medium             Large        
[7.177s][info][gc,reloc    ] GC(3) y: Eden            3721M (61%)         182M (3%)        1952 / 1              0 / 0              0 / 0        
[7.177s][info][gc,reloc    ] GC(3) y: Survivor 1       582M (9%)           29M (0%)         306 / 1              0 / 0              0 / 0        
[7.177s][info][gc,heap     ] GC(3) y: Min Capacity: 8M(0%)
[7.177s][info][gc,heap     ] GC(3) y: Max Capacity: 6144M(100%)
[7.177s][info][gc,heap     ] GC(3) y: Soft Max Capacity: 6144M(100%)
[7.177s][info][gc,heap     ] GC(3) y: Heap Statistics:
[7.177s][info][gc,heap     ] GC(3) y:                Mark Start          Mark End        Relocate Start      Relocate End           High               Low         
[7.177s][info][gc,heap     ] GC(3) y:  Capacity:     5752M (94%)        5902M (96%)        5904M (96%)        5906M (96%)        5906M (96%)        5752M (94%)    
[7.177s][info][gc,heap     ] GC(3) y:      Free:      392M (6%)          242M (4%)          240M (4%)          242M (4%)          392M (6%)          238M (4%)     
[7.177s][info][gc,heap     ] GC(3) y:      Used:     5752M (94%)        5902M (96%)        5904M (96%)        5902M (96%)        5906M (96%)        5752M (94%)    
[7.177s][info][gc,heap     ] GC(3) y: Young Generation Statistics:
[7.177s][info][gc,heap     ] GC(3) y:                Mark Start          Mark End        Relocate Start      Relocate End    
[7.177s][info][gc,heap     ] GC(3) y:      Used:     4516M (74%)        4666M (76%)        4058M (66%)        4054M (66%)    
[7.177s][info][gc,heap     ] GC(3) y:      Live:         -              4303M (70%)        3721M (61%)        3721M (61%)    
[7.177s][info][gc,heap     ] GC(3) y:   Garbage:         -               212M (3%)          184M (3%)          178M (3%)     
[7.177s][info][gc,heap     ] GC(3) y: Allocated:         -               150M (2%)          152M (2%)          153M (3%)     
[7.177s][info][gc,heap     ] GC(3) y: Reclaimed:         -                  -                27M (0%)           33M (1%)     
[7.177s][info][gc,heap     ] GC(3) y:  Promoted:         -                  -               582M (9%)          582M (9%)     
[7.177s][info][gc,heap     ] GC(3) y: Compacted:         -                  -                  -                 0M (0%)     
[7.177s][info][gc,phases   ] GC(3) y: Young Generation 5752M(94%)->5902M(96%) 0.642s
[7.177s][info][gc          ] GC(3) Minor Collection (Allocation Rate) 5752M(94%)->5902M(96%) 0.643s
[7.177s][info][gc          ] GC(4) Major Collection (Allocation Rate)
[7.177s][info][gc,task     ] GC(4) Using 1 Workers for Young Generation
[7.177s][info][gc,task     ] GC(4) Using 1 Workers for Old Generation
[7.177s][info][gc,phases   ] GC(4) Y: Young Generation
[7.177s][info][gc,phases   ] GC(4) Y: Pause Mark Start (Major) 0.014ms
[7.258s][info][gc,phases   ] GC(4) Y: Concurrent Mark 80.907ms
[7.259s][info][gc,phases   ] GC(4) Y: Pause Mark End 0.016ms
[7.259s][info][gc,phases   ] GC(4) Y: Concurrent Mark Free 0.001ms
[7.259s][info][gc,phases   ] GC(4) Y: Concurrent Reset Relocation Set 0.181ms
[7.263s][info][gc,reloc    ] GC(4) Y: Using tenuring threshold: 1 (Computed)
[7.737s][info][gc,phases   ] GC(4) Y: Concurrent Select Relocation Set 478.623ms
[7.933s][info][gc,phases   ] GC(4) Y: Pause Relocate Start 0.040ms
[7.972s][info][gc,phases   ] GC(4) Y: Concurrent Relocate 38.571ms
[7.972s][info][gc,alloc    ] GC(4) Y:                         Mark Start        Mark End      Relocate Start    Relocate End   
[7.972s][info][gc,alloc    ] GC(4) Y: Allocation Stalls:          0                0                0                0         
[7.972s][info][gc,load     ] GC(4) Y: Load: 1.20 (30%) / 0.75 (19%) / 0.68 (17%)
[7.972s][info][gc,mmu      ] GC(4) Y: MMU: 2ms/98.0%, 5ms/99.2%, 10ms/99.6%, 20ms/99.7%, 50ms/99.9%, 100ms/99.9%
[7.972s][info][gc,marking  ] GC(4) Y: Mark: 1 stripe(s), 1 proactive flush(es), 1 terminate flush(es), 0 completion(s), 0 continuation(s) 
[7.972s][info][gc,marking  ] GC(4) Y: Mark Stack Usage: 32M
[7.972s][info][gc,nmethod  ] GC(4) Y: NMethods: 301 registered, 89 unregistered
[7.972s][info][gc,metaspace] GC(4) Y: Metaspace: 0M used, 0M committed, 1088M reserved
[7.972s][info][gc,reloc    ] GC(4) Y:                        Candidates     Selected     In-Place         Size        Empty    Relocated 
[7.972s][info][gc,reloc    ] GC(4) Y: Small Pages:                 2027            0            0        4054M           0M           0M 
[7.972s][info][gc,reloc    ] GC(4) Y: Medium Pages:                   0            0            0           0M           0M           0M 
[7.972s][info][gc,reloc    ] GC(4) Y: Large Pages:                    0            0            0           0M           0M           0M 
[7.972s][info][gc,reloc    ] GC(4) Y: Forwarding Usage: 0M
[7.972s][info][gc,reloc    ] GC(4) Y: Age Table:
[7.972s][info][gc,reloc    ] GC(4) Y:                    Live             Garbage             Small              Medium             Large        
[7.972s][info][gc,reloc    ] GC(4) Y: Eden             144M (2%)            7M (0%)          76 / 0              0 / 0              0 / 0        
[7.972s][info][gc,reloc    ] GC(4) Y: Survivor 1      3721M (61%)         180M (3%)        1951 / 0              0 / 0              0 / 0        
[7.972s][info][gc,heap     ] GC(4) Y: Min Capacity: 8M(0%)
[7.972s][info][gc,heap     ] GC(4) Y: Max Capacity: 6144M(100%)
[7.972s][info][gc,heap     ] GC(4) Y: Soft Max Capacity: 6144M(100%)
[7.972s][info][gc,heap     ] GC(4) Y: Heap Statistics:
[7.972s][info][gc,heap     ] GC(4) Y:                Mark Start          Mark End        Relocate Start      Relocate End           High               Low         
[7.972s][info][gc,heap     ] GC(4) Y:  Capacity:     5906M (96%)        5916M (96%)        6052M (99%)        6084M (99%)        6084M (99%)        5906M (96%)    
[7.972s][info][gc,heap     ] GC(4) Y:      Free:      242M (4%)          228M (4%)           92M (1%)           60M (1%)          242M (4%)           60M (1%)     
[7.972s][info][gc,heap     ] GC(4) Y:      Used:     5902M (96%)        5916M (96%)        6052M (99%)        6084M (99%)        6084M (99%)        5902M (96%)    
[7.972s][info][gc,heap     ] GC(4) Y: Young Generation Statistics:
[7.972s][info][gc,heap     ] GC(4) Y:                Mark Start          Mark End        Relocate Start      Relocate End    
[7.972s][info][gc,heap     ] GC(4) Y:      Used:     4054M (66%)        4068M (66%)         302M (5%)          334M (5%)     
[7.972s][info][gc,heap     ] GC(4) Y:      Live:         -              3866M (63%)         144M (2%)          144M (2%)     
[7.972s][info][gc,heap     ] GC(4) Y:   Garbage:         -               187M (3%)            7M (0%)            7M (0%)     
[7.972s][info][gc,heap     ] GC(4) Y: Allocated:         -                14M (0%)          150M (2%)          182M (3%)     
[7.972s][info][gc,heap     ] GC(4) Y: Reclaimed:         -                  -               180M (3%)          180M (3%)     
[7.972s][info][gc,heap     ] GC(4) Y:  Promoted:         -                  -              3721M (61%)        3721M (61%)    
[7.973s][info][gc,heap     ] GC(4) Y: Compacted:         -                  -                  -                 0M (0%)     
[7.973s][info][gc,phases   ] GC(4) Y: Young Generation 5902M(96%)->6084M(99%) 0.795s
[7.973s][info][gc,phases   ] GC(4) O: Old Generation
[7.978s][info][gc          ] GC(5) Minor Collection (Allocation Rate)
[7.978s][info][gc,task     ] GC(5) Using 1 Workers for Young Generation
[7.978s][info][gc,phases   ] GC(5) y: Young Generation
[8.037s][info][gc,phases   ] GC(5) y: Pause Mark Start 0.020ms
[8.345s][info][gc,phases   ] GC(5) y: Concurrent Mark 306.775ms
[8.345s][info][gc,phases   ] GC(4) O: Concurrent Mark 372.749ms
[8.345s][info][gc,phases   ] GC(5) y: Pause Mark End 0.023ms
[8.345s][info][gc,phases   ] GC(4) O: Pause Mark End 0.017ms
[8.346s][info][gc,phases   ] GC(5) y: Concurrent Mark Free 0.001ms
[8.346s][info][gc,phases   ] GC(4) O: Concurrent Mark Free 0.001ms
[8.347s][info][gc,phases   ] GC(5) y: Concurrent Reset Relocation Set 1.417ms
[8.348s][info][gc,phases   ] GC(4) O: Concurrent Process Non-Strong 2.358ms
[8.348s][info][gc,phases   ] GC(4) O: Concurrent Reset Relocation Set 0.001ms
[8.351s][info][gc,reloc    ] GC(5) y: Using tenuring threshold: 2 (Computed)
[8.351s][info][gc,phases   ] GC(5) y: Concurrent Select Relocation Set 4.158ms
[8.351s][info][gc,phases   ] GC(5) y: Pause Relocate Start 0.015ms
[8.352s][info][gc,phases   ] GC(5) y: Concurrent Relocate 0.052ms
[8.352s][info][gc,alloc    ] GC(5) y:                         Mark Start        Mark End      Relocate Start    Relocate End   
[8.352s][info][gc,alloc    ] GC(5) y: Allocation Stalls:          0                1                1                1         
[8.352s][info][gc,load     ] GC(5) y: Load: 1.20 (30%) / 0.75 (19%) / 0.68 (17%)
[8.352s][info][gc,mmu      ] GC(5) y: MMU: 2ms/98.0%, 5ms/99.2%, 10ms/99.5%, 20ms/99.7%, 50ms/99.9%, 100ms/99.9%
[8.352s][info][gc,marking  ] GC(5) y: Mark: 1 stripe(s), 1 proactive flush(es), 1 terminate flush(es), 0 completion(s), 0 continuation(s) 
[8.352s][info][gc,marking  ] GC(5) y: Mark Stack Usage: 32M
[8.352s][info][gc,nmethod  ] GC(5) y: NMethods: 301 registered, 90 unregistered
[8.352s][info][gc,metaspace] GC(5) y: Metaspace: 0M used, 0M committed, 1088M reserved
[8.352s][info][gc,reloc    ] GC(5) y:                        Candidates     Selected     In-Place         Size        Empty    Relocated 
[8.352s][info][gc,reloc    ] GC(5) y: Small Pages:                  181            0            0         362M           0M           0M 
[8.352s][info][gc,reloc    ] GC(5) y: Medium Pages:                   0            0            0           0M           0M           0M 
[8.352s][info][gc,reloc    ] GC(5) y: Large Pages:                    0            0            0           0M           0M           0M 
[8.352s][info][gc,reloc    ] GC(5) y: Forwarding Usage: 0M
[8.352s][info][gc,reloc    ] GC(5) y: Age Table:
[8.352s][info][gc,reloc    ] GC(5) y:                    Live             Garbage             Small              Medium             Large        
[8.352s][info][gc,reloc    ] GC(5) y: Eden             198M (3%)           11M (0%)         105 / 0              0 / 0              0 / 0        
[8.352s][info][gc,reloc    ] GC(5) y: Survivor 1       144M (2%)            7M (0%)          76 / 0              0 / 0              0 / 0        
[8.352s][info][gc,heap     ] GC(5) y: Min Capacity: 8M(0%)
[8.352s][info][gc,heap     ] GC(5) y: Max Capacity: 6144M(100%)
[8.352s][info][gc,heap     ] GC(5) y: Soft Max Capacity: 6144M(100%)
[8.352s][info][gc,heap     ] GC(5) y: Heap Statistics:
[8.352s][info][gc,heap     ] GC(5) y:                Mark Start          Mark End        Relocate Start      Relocate End           High               Low         
[8.352s][info][gc,heap     ] GC(5) y:  Capacity:     6112M (99%)        6144M (100%)       6144M (100%)       6144M (100%)       6144M (100%)       6112M (99%)    
[8.352s][info][gc,heap     ] GC(5) y:      Free:       32M (1%)            0M (0%)            0M (0%)            0M (0%)           32M (1%)            0M (0%)     
[8.352s][info][gc,heap     ] GC(5) y:      Used:     6112M (99%)        6144M (100%)       6144M (100%)       6144M (100%)       6144M (100%)       6112M (99%)    
[8.352s][info][gc,heap     ] GC(5) y: Young Generation Statistics:
[8.352s][info][gc,heap     ] GC(5) y:                Mark Start          Mark End        Relocate Start      Relocate End    
[8.352s][info][gc,heap     ] GC(5) y:      Used:      362M (6%)          394M (6%)          394M (6%)          394M (6%)     
[8.352s][info][gc,heap     ] GC(5) y:      Live:         -               343M (6%)          343M (6%)          343M (6%)     
[8.352s][info][gc,heap     ] GC(5) y:   Garbage:         -                18M (0%)           18M (0%)           18M (0%)     
[8.352s][info][gc,heap     ] GC(5) y: Allocated:         -                32M (1%)           32M (1%)           32M (1%)     
[8.352s][info][gc,heap     ] GC(5) y: Reclaimed:         -                  -                 0M (0%)            0M (0%)     
[8.352s][info][gc,heap     ] GC(5) y:  Promoted:         -                  -                 0M (0%)            0M (0%)     
[8.352s][info][gc,heap     ] GC(5) y: Compacted:         -                  -                  -                 0M (0%)     
[8.352s][info][gc,phases   ] GC(5) y: Young Generation 6090M(99%)->6144M(100%) 0.373s
[8.352s][info][gc          ] GC(5) Minor Collection (Allocation Rate) 6090M(99%)->6144M(100%) 0.374s
[8.352s][info][gc          ] GC(6) Minor Collection (Allocation Stall)
[8.352s][info][gc,task     ] GC(6) Using 1 Workers for Young Generation
[8.352s][info][gc,phases   ] GC(6) y: Young Generation
[8.352s][info][gc,phases   ] GC(6) y: Pause Mark Start 0.009ms
[8.353s][info][gc,phases   ] GC(4) O: Concurrent Select Relocation Set 4.552ms
[8.393s][info][gc,phases   ] GC(6) y: Concurrent Mark 40.503ms
[8.393s][info][gc,phases   ] GC(6) y: Pause Mark End 0.022ms
[8.393s][info][gc,phases   ] GC(6) y: Concurrent Mark Free 0.001ms
[8.393s][info][gc,phases   ] GC(6) y: Concurrent Reset Relocation Set 0.001ms
[8.399s][info][gc,reloc    ] GC(6) y: Using tenuring threshold: 1 (Computed)
[8.421s][info][gc,phases   ] GC(6) y: Concurrent Select Relocation Set 27.584ms
[8.422s][info][gc,phases   ] GC(6) y: Pause Relocate Start 0.025ms
[8.428s][info][gc,phases   ] GC(6) y: Concurrent Relocate 6.095ms
[8.428s][info][gc,alloc    ] GC(6) y:                         Mark Start        Mark End      Relocate Start    Relocate End   
[8.428s][info][gc,alloc    ] GC(6) y: Allocation Stalls:          1                1                1                1         
[8.428s][info][gc,load     ] GC(6) y: Load: 1.20 (30%) / 0.75 (19%) / 0.68 (17%)
[8.428s][info][gc,mmu      ] GC(6) y: MMU: 2ms/98.0%, 5ms/99.2%, 10ms/99.4%, 20ms/99.7%, 50ms/99.8%, 100ms/99.9%
[8.428s][info][gc,marking  ] GC(6) y: Mark: 1 stripe(s), 1 proactive flush(es), 1 terminate flush(es), 0 completion(s), 0 continuation(s) 
[8.428s][info][gc,marking  ] GC(6) y: Mark Stack Usage: 32M
[8.428s][info][gc,nmethod  ] GC(6) y: NMethods: 301 registered, 90 unregistered
[8.429s][info][gc,metaspace] GC(6) y: Metaspace: 0M used, 0M committed, 1088M reserved
[8.429s][info][gc,reloc    ] GC(6) y:                        Candidates     Selected     In-Place         Size        Empty    Relocated 
[8.429s][info][gc,reloc    ] GC(6) y: Small Pages:                  197            0            0         394M           0M           0M 
[8.429s][info][gc,reloc    ] GC(6) y: Medium Pages:                   0            0            0           0M           0M           0M 
[8.429s][info][gc,reloc    ] GC(6) y: Large Pages:                    0            0            0           0M           0M           0M 
[8.429s][info][gc,reloc    ] GC(6) y: Forwarding Usage: 0M
[8.429s][info][gc,reloc    ] GC(6) y: Age Table:
[8.429s][info][gc,reloc    ] GC(6) y:                    Live             Garbage             Small              Medium             Large        
[8.429s][info][gc,reloc    ] GC(6) y: Eden              30M (0%)            1M (0%)          16 / 0              0 / 0              0 / 0        
[8.429s][info][gc,reloc    ] GC(6) y: Survivor 1       198M (3%)           11M (0%)         105 / 0              0 / 0              0 / 0        
[8.429s][info][gc,reloc    ] GC(6) y: Survivor 2       144M (2%)            7M (0%)          76 / 0              0 / 0              0 / 0        
[8.429s][info][gc,heap     ] GC(6) y: Min Capacity: 8M(0%)
[8.429s][info][gc,heap     ] GC(6) y: Max Capacity: 6144M(100%)
[8.429s][info][gc,heap     ] GC(6) y: Soft Max Capacity: 6144M(100%)
[8.429s][info][gc,heap     ] GC(6) y: Heap Statistics:
[8.429s][info][gc,heap     ] GC(6) y:                Mark Start          Mark End        Relocate Start      Relocate End           High               Low         
[8.429s][info][gc,heap     ] GC(6) y:  Capacity:     6144M (100%)       6144M (100%)       6144M (100%)       6144M (100%)       6144M (100%)       6144M (100%)   
[8.429s][info][gc,heap     ] GC(6) y:      Free:        0M (0%)            0M (0%)            0M (0%)            0M (0%)            0M (0%)            0M (0%)     
[8.429s][info][gc,heap     ] GC(6) y:      Used:     6144M (100%)       6144M (100%)       6144M (100%)       6144M (100%)       6144M (100%)       6144M (100%)   
[8.429s][info][gc,heap     ] GC(6) y: Young Generation Statistics:
[8.429s][info][gc,heap     ] GC(6) y:                Mark Start          Mark End        Relocate Start      Relocate End    
[8.429s][info][gc,heap     ] GC(6) y:      Used:      394M (6%)          394M (6%)           32M (1%)           32M (1%)     
[8.429s][info][gc,heap     ] GC(6) y:      Live:         -               373M (6%)           30M (0%)           30M (0%)     
[8.429s][info][gc,heap     ] GC(6) y:   Garbage:         -                20M (0%)            1M (0%)            1M (0%)     
[8.429s][info][gc,heap     ] GC(6) y: Allocated:         -                 0M (0%)            0M (0%)            0M (0%)     
[8.429s][info][gc,heap     ] GC(6) y: Reclaimed:         -                  -                18M (0%)           18M (0%)     
[8.429s][info][gc,heap     ] GC(6) y:  Promoted:         -                  -               343M (6%)          343M (6%)     
[8.429s][info][gc,heap     ] GC(6) y: Compacted:         -                  -                  -                 0M (0%)     
[8.429s][info][gc,phases   ] GC(6) y: Young Generation 6144M(100%)->6144M(100%) 0.076s
[8.429s][info][gc          ] GC(6) Minor Collection (Allocation Stall) 6144M(100%)->6144M(100%) 0.077s
[8.429s][info][gc,task     ] GC(4) O: Using 1 Workers for Old Generation
[8.484s][info][gc,task     ] GC(4) O: Using 1 Workers for Old Generation
[8.484s][info][gc,phases   ] GC(4) O: Concurrent Remap Roots 55.334ms
[8.484s][info][gc,phases   ] GC(4) O: Pause Relocate Start 0.015ms
[8.485s][info][gc          ] Allocation Stall (main) 373.424ms
[8.486s][info][gc          ] GC(7) Minor Collection (Allocation Stall)
[8.486s][info][gc,task     ] GC(7) Using 1 Workers for Young Generation
[8.486s][info][gc,phases   ] GC(7) y: Young Generation
[8.488s][info][gc          ] Allocation Stall (main) 2.107ms
[8.488s][info][gc,phases   ] GC(7) y: Pause Mark Start 0.017ms
[8.488s][info][gc,phases   ] GC(4) O: Concurrent Relocate 3.500ms
[8.518s][info][gc,phases   ] GC(7) y: Concurrent Mark 29.968ms
[8.518s][info][gc,phases   ] GC(7) y: Pause Mark End 0.016ms
[8.518s][info][gc,phases   ] GC(7) y: Concurrent Mark Free 0.001ms
[8.523s][info][gc,phases   ] GC(7) y: Concurrent Reset Relocation Set 4.775ms
[8.527s][info][gc,reloc    ] GC(7) y: Using tenuring threshold: 1 (Computed)
[8.529s][info][gc,phases   ] GC(7) y: Concurrent Select Relocation Set 5.739ms
[8.529s][info][gc,phases   ] GC(7) y: Pause Relocate Start 0.014ms
[8.529s][info][gc          ] Allocation Stall (main) 41.182ms
[8.529s][info][gc,phases   ] GC(7) y: Concurrent Relocate 0.374ms
[8.529s][info][gc,alloc    ] GC(7) y:                         Mark Start        Mark End      Relocate Start    Relocate End   
[8.530s][info][gc,alloc    ] GC(7) y: Allocation Stalls:          0                1                1                0         
[8.530s][info][gc,load     ] GC(7) y: Load: 1.20 (30%) / 0.75 (19%) / 0.68 (17%)
[8.530s][info][gc,mmu      ] GC(7) y: MMU: 2ms/98.0%, 5ms/99.2%, 10ms/99.4%, 20ms/99.7%, 50ms/99.8%, 100ms/99.9%
[8.530s][info][gc,marking  ] GC(7) y: Mark: 1 stripe(s), 2 proactive flush(es), 1 terminate flush(es), 0 completion(s), 0 continuation(s) 
[8.530s][info][gc,marking  ] GC(7) y: Mark Stack Usage: 32M
[8.530s][info][gc,nmethod  ] GC(7) y: NMethods: 301 registered, 90 unregistered
[8.530s][info][gc,metaspace] GC(7) y: Metaspace: 0M used, 0M committed, 1088M reserved
[8.530s][info][gc,reloc    ] GC(7) y:                        Candidates     Selected     In-Place         Size        Empty    Relocated 
[8.530s][info][gc,reloc    ] GC(7) y: Small Pages:                   18            1            1          36M           0M           0M 
[8.530s][info][gc,reloc    ] GC(7) y: Medium Pages:                   0            0            0           0M           0M           0M 
[8.530s][info][gc,reloc    ] GC(7) y: Large Pages:                    0            0            0           0M           0M           0M 
[8.530s][info][gc,reloc    ] GC(7) y: Forwarding Usage: 0M
[8.530s][info][gc,reloc    ] GC(7) y: Age Table:
[8.530s][info][gc,reloc    ] GC(7) y:                    Live             Garbage             Small              Medium             Large        
[8.530s][info][gc,reloc    ] GC(7) y: Eden               0M (0%)            3M (0%)           2 / 1              0 / 0              0 / 0        
[8.530s][info][gc,reloc    ] GC(7) y: Survivor 1        30M (0%)            1M (0%)          16 / 0              0 / 0              0 / 0        
[8.530s][info][gc,heap     ] GC(7) y: Min Capacity: 8M(0%)
[8.530s][info][gc,heap     ] GC(7) y: Max Capacity: 6144M(100%)
[8.530s][info][gc,heap     ] GC(7) y: Soft Max Capacity: 6144M(100%)
[8.530s][info][gc,heap     ] GC(7) y: Heap Statistics:
[8.530s][info][gc,heap     ] GC(7) y:                Mark Start          Mark End        Relocate Start      Relocate End           High               Low         
[8.530s][info][gc,heap     ] GC(7) y:  Capacity:     6144M (100%)       6144M (100%)       6144M (100%)       6144M (100%)       6144M (100%)       6144M (100%)   
[8.530s][info][gc,heap     ] GC(7) y:      Free:        0M (0%)            0M (0%)            0M (0%)            0M (0%)            2M (0%)            0M (0%)     
[8.530s][info][gc,heap     ] GC(7) y:      Used:     6144M (100%)       6144M (100%)       6144M (100%)       6144M (100%)       6144M (100%)       6142M (100%)   
[8.530s][info][gc,heap     ] GC(7) y: Young Generation Statistics:
[8.530s][info][gc,heap     ] GC(7) y:                Mark Start          Mark End        Relocate Start      Relocate End    
[8.530s][info][gc,heap     ] GC(7) y:      Used:       36M (1%)           36M (1%)            4M (0%)            4M (0%)     
[8.530s][info][gc,heap     ] GC(7) y:      Live:         -                30M (0%)            0M (0%)            0M (0%)     
[8.530s][info][gc,heap     ] GC(7) y:   Garbage:         -                 5M (0%)            3M (0%)            0M (0%)     
[8.530s][info][gc,heap     ] GC(7) y: Allocated:         -                 0M (0%)            0M (0%)            3M (0%)     
[8.530s][info][gc,heap     ] GC(7) y: Reclaimed:         -                  -                 1M (0%)            5M (0%)     
[8.530s][info][gc,heap     ] GC(7) y:  Promoted:         -                  -                30M (0%)           30M (0%)     
[8.530s][info][gc,heap     ] GC(7) y: Compacted:         -                  -                  -                 0M (0%)     
[8.530s][info][gc,phases   ] GC(7) y: Young Generation 6144M(100%)->6144M(100%) 0.044s
[8.530s][info][gc          ] GC(7) Minor Collection (Allocation Stall) 6144M(100%)->6144M(100%) 0.045s
[8.530s][info][gc,alloc    ] GC(4) O:                         Mark Start        Mark End      Relocate Start    Relocate End   
[8.530s][info][gc,alloc    ] GC(4) O: Allocation Stalls:          0                1                1                1         
[8.530s][info][gc,load     ] GC(4) O: Load: 1.20 (30%) / 0.75 (19%) / 0.68 (17%)
[8.530s][info][gc,mmu      ] GC(4) O: MMU: 2ms/98.0%, 5ms/99.2%, 10ms/99.4%, 20ms/99.7%, 50ms/99.8%, 100ms/99.9%
[8.530s][info][gc,marking  ] GC(4) O: Mark: 1 stripe(s), 2 proactive flush(es), 1 terminate flush(es), 0 completion(s), 0 continuation(s) 
[8.530s][info][gc,marking  ] GC(4) O: Mark Stack Usage: 32M
[8.530s][info][gc,nmethod  ] GC(4) O: NMethods: 301 registered, 90 unregistered
[8.530s][info][gc,metaspace] GC(4) O: Metaspace: 0M used, 0M committed, 1088M reserved
[8.530s][info][gc,ref      ] GC(4) O:                       Encountered   Discovered     Enqueued 
[8.530s][info][gc,ref      ] GC(4) O: Soft References:               32            0            0 
[8.531s][info][gc,ref      ] GC(4) O: Weak References:               98           64            0 
[8.531s][info][gc,ref      ] GC(4) O: Final References:               0            0            0 
[8.531s][info][gc,ref      ] GC(4) O: Phantom References:             1            1            0 
[8.531s][info][gc,reloc    ] GC(4) O:                        Candidates     Selected     In-Place         Size        Empty    Relocated 
[8.531s][info][gc,reloc    ] GC(4) O: Small Pages:                  924            2            1        1848M           0M           1M 
[8.531s][info][gc,reloc    ] GC(4) O: Medium Pages:                   0            0            0           0M           0M           0M 
[8.531s][info][gc,reloc    ] GC(4) O: Large Pages:                    0            0            0           0M           0M           0M 
[8.531s][info][gc,reloc    ] GC(4) O: Forwarding Usage: 0M
[8.531s][info][gc,heap     ] GC(4) O: Min Capacity: 8M(0%)
[8.531s][info][gc,heap     ] GC(4) O: Max Capacity: 6144M(100%)
[8.531s][info][gc,heap     ] GC(4) O: Soft Max Capacity: 6144M(100%)
[8.531s][info][gc,heap     ] GC(4) O: Heap Statistics:
[8.531s][info][gc,heap     ] GC(4) O:                Mark Start          Mark End        Relocate Start      Relocate End           High               Low         
[8.531s][info][gc,heap     ] GC(4) O:  Capacity:     5906M (96%)        6144M (100%)       6144M (100%)       6144M (100%)       6144M (100%)       5906M (96%)    
[8.531s][info][gc,heap     ] GC(4) O:      Free:      242M (4%)            0M (0%)            0M (0%)            0M (0%)          242M (4%)            0M (0%)     
[8.531s][info][gc,heap     ] GC(4) O:      Used:     5902M (96%)        6144M (100%)       6144M (100%)       6144M (100%)       6144M (100%)       5902M (96%)    
[8.531s][info][gc,heap     ] GC(4) O: Old Generation Statistics:
[8.531s][info][gc,heap     ] GC(4) O:                Mark Start          Mark End        Relocate Start      Relocate End    
[8.531s][info][gc,heap     ] GC(4) O:      Used:     1848M (30%)        5750M (94%)        6112M (99%)        6108M (99%)    
[8.531s][info][gc,heap     ] GC(4) O:      Live:         -              1758M (29%)        1758M (29%)        1758M (29%)    
[8.531s][info][gc,heap     ] GC(4) O:   Garbage:         -                89M (1%)           89M (1%)           85M (1%)     
[8.531s][info][gc,heap     ] GC(4) O: Allocated:         -              3902M (64%)        4264M (69%)        4264M (69%)    
[8.531s][info][gc,heap     ] GC(4) O: Reclaimed:         -                  -                 0M (0%)            4M (0%)     
[8.531s][info][gc,heap     ] GC(4) O: Compacted:         -                  -                  -                 1M (0%)     
[8.531s][info][gc,phases   ] GC(4) O: Old Generation 6086M(99%)->6144M(100%) 0.558s
[8.531s][info][gc          ] GC(4) Major Collection (Allocation Rate) 5902M(96%)->6144M(100%) 1.354s
[8.535s][info][gc          ] GC(8) Minor Collection (Allocation Stall)
[8.535s][info][gc,task     ] GC(8) Using 1 Workers for Young Generation
[8.535s][info][gc,phases   ] GC(8) y: Young Generation
[8.535s][info][gc,phases   ] GC(8) y: Pause Mark Start 0.013ms
[8.561s][info][gc,phases   ] GC(8) y: Concurrent Mark 25.844ms
[8.561s][info][gc,phases   ] GC(8) y: Pause Mark End 0.023ms
[8.561s][info][gc,phases   ] GC(8) y: Concurrent Mark Free 0.001ms
[8.561s][info][gc,phases   ] GC(8) y: Concurrent Reset Relocation Set 0.014ms
[8.565s][info][gc,reloc    ] GC(8) y: Using tenuring threshold: 2 (Computed)
[8.565s][info][gc,phases   ] GC(8) y: Concurrent Select Relocation Set 3.971ms
[8.565s][info][gc,phases   ] GC(8) y: Pause Relocate Start 0.013ms
[8.565s][info][gc,phases   ] GC(8) y: Concurrent Relocate 0.066ms
[8.565s][info][gc,alloc    ] GC(8) y:                         Mark Start        Mark End      Relocate Start    Relocate End   
[8.565s][info][gc,alloc    ] GC(8) y: Allocation Stalls:          1                1                1                1         
[8.565s][info][gc,load     ] GC(8) y: Load: 1.20 (30%) / 0.75 (19%) / 0.68 (17%)
[8.565s][info][gc,mmu      ] GC(8) y: MMU: 2ms/98.0%, 5ms/99.2%, 10ms/99.4%, 20ms/99.7%, 50ms/99.8%, 100ms/99.9%
[8.565s][info][gc,marking  ] GC(8) y: Mark: 1 stripe(s), 1 proactive flush(es), 1 terminate flush(es), 0 completion(s), 0 continuation(s) 
[8.565s][info][gc,marking  ] GC(8) y: Mark Stack Usage: 32M
[8.565s][info][gc,nmethod  ] GC(8) y: NMethods: 301 registered, 90 unregistered
[8.565s][info][gc,metaspace] GC(8) y: Metaspace: 0M used, 0M committed, 1088M reserved
[8.565s][info][gc,reloc    ] GC(8) y:                        Candidates     Selected     In-Place         Size        Empty    Relocated 
[8.565s][info][gc,reloc    ] GC(8) y: Small Pages:                    2            0            0           4M           0M           0M 
[8.565s][info][gc,reloc    ] GC(8) y: Medium Pages:                   0            0            0           0M           0M           0M 
[8.565s][info][gc,reloc    ] GC(8) y: Large Pages:                    0            0            0           0M           0M           0M 
[8.565s][info][gc,reloc    ] GC(8) y: Forwarding Usage: 0M
[8.565s][info][gc,reloc    ] GC(8) y: Age Table:
[8.565s][info][gc,reloc    ] GC(8) y:                    Live             Garbage             Small              Medium             Large        
[8.565s][info][gc,reloc    ] GC(8) y: Eden               1M (0%)            0M (0%)           1 / 0              0 / 0              0 / 0        
[8.565s][info][gc,reloc    ] GC(8) y: Survivor 1         0M (0%)            1M (0%)           1 / 0              0 / 0              0 / 0        
[8.565s][info][gc,heap     ] GC(8) y: Min Capacity: 8M(0%)
[8.565s][info][gc,heap     ] GC(8) y: Max Capacity: 6144M(100%)
[8.565s][info][gc,heap     ] GC(8) y: Soft Max Capacity: 6144M(100%)
[8.565s][info][gc,heap     ] GC(8) y: Heap Statistics:
[8.565s][info][gc,heap     ] GC(8) y:                Mark Start          Mark End        Relocate Start      Relocate End           High               Low         
[8.566s][info][gc,heap     ] GC(8) y:  Capacity:     6144M (100%)       6144M (100%)       6144M (100%)       6144M (100%)       6144M (100%)       6144M (100%)   
[8.566s][info][gc,heap     ] GC(8) y:      Free:        0M (0%)            0M (0%)            0M (0%)            0M (0%)            0M (0%)            0M (0%)     
[8.566s][info][gc,heap     ] GC(8) y:      Used:     6144M (100%)       6144M (100%)       6144M (100%)       6144M (100%)       6144M (100%)       6144M (100%)   
[8.566s][info][gc,heap     ] GC(8) y: Young Generation Statistics:
[8.566s][info][gc,heap     ] GC(8) y:                Mark Start          Mark End        Relocate Start      Relocate End    
[8.566s][info][gc,heap     ] GC(8) y:      Used:        4M (0%)            4M (0%)            4M (0%)            4M (0%)     
[8.566s][info][gc,heap     ] GC(8) y:      Live:         -                 2M (0%)            2M (0%)            2M (0%)     
[8.566s][info][gc,heap     ] GC(8) y:   Garbage:         -                 1M (0%)            1M (0%)            1M (0%)     
[8.566s][info][gc,heap     ] GC(8) y: Allocated:         -                 0M (0%)            0M (0%)            0M (0%)     
[8.566s][info][gc,heap     ] GC(8) y: Reclaimed:         -                  -                 0M (0%)            0M (0%)     
[8.566s][info][gc,heap     ] GC(8) y:  Promoted:         -                  -                 0M (0%)            0M (0%)     
[8.566s][info][gc,heap     ] GC(8) y: Compacted:         -                  -                  -                 0M (0%)     
[8.566s][info][gc,phases   ] GC(8) y: Young Generation 6144M(100%)->6144M(100%) 0.030s
[8.566s][info][gc          ] GC(8) Minor Collection (Allocation Stall) 6144M(100%)->6144M(100%) 0.031s
[8.566s][info][gc,ref      ] Clearing All SoftReferences
[8.566s][info][gc          ] GC(9) Major Collection (Allocation Stall)
[8.566s][info][gc,task     ] GC(9) Using 1 Workers for Young Generation
[8.566s][info][gc,task     ] GC(9) Using 1 Workers for Old Generation
[8.566s][info][gc,phases   ] GC(9) Y: Young Generation (Promote All)
[8.566s][info][gc,phases   ] GC(9) Y: Pause Mark Start 0.009ms
[8.587s][info][gc,phases   ] GC(9) Y: Concurrent Mark 21.296ms
[8.587s][info][gc,phases   ] GC(9) Y: Pause Mark End 0.014ms
[8.587s][info][gc,phases   ] GC(9) Y: Concurrent Mark Free 0.001ms
[8.587s][info][gc,phases   ] GC(9) Y: Concurrent Reset Relocation Set 0.001ms
[8.592s][info][gc,reloc    ] GC(9) Y: Using tenuring threshold: 0 (Promote All)
[8.593s][info][gc,phases   ] GC(9) Y: Concurrent Select Relocation Set 6.044ms
[8.594s][info][gc,phases   ] GC(9) Y: Pause Relocate Start 0.015ms
[8.594s][info][gc,phases   ] GC(9) Y: Concurrent Relocate 0.066ms
[8.594s][info][gc,alloc    ] GC(9) Y:                         Mark Start        Mark End      Relocate Start    Relocate End   
[8.594s][info][gc,alloc    ] GC(9) Y: Allocation Stalls:          1                1                1                1         
[8.594s][info][gc,load     ] GC(9) Y: Load: 1.20 (30%) / 0.75 (19%) / 0.68 (17%)
[8.594s][info][gc,mmu      ] GC(9) Y: MMU: 2ms/98.0%, 5ms/99.1%, 10ms/99.4%, 20ms/99.7%, 50ms/99.8%, 100ms/99.9%
[8.594s][info][gc,marking  ] GC(9) Y: Mark: 1 stripe(s), 1 proactive flush(es), 1 terminate flush(es), 0 completion(s), 0 continuation(s) 
[8.594s][info][gc,marking  ] GC(9) Y: Mark Stack Usage: 32M
[8.594s][info][gc,nmethod  ] GC(9) Y: NMethods: 301 registered, 90 unregistered
[8.594s][info][gc,metaspace] GC(9) Y: Metaspace: 0M used, 0M committed, 1088M reserved
[8.594s][info][gc,reloc    ] GC(9) Y:                        Candidates     Selected     In-Place         Size        Empty    Relocated 
[8.594s][info][gc,reloc    ] GC(9) Y: Small Pages:                    2            0            0           4M           0M           0M 
[8.594s][info][gc,reloc    ] GC(9) Y: Medium Pages:                   0            0            0           0M           0M           0M 
[8.594s][info][gc,reloc    ] GC(9) Y: Large Pages:                    0            0            0           0M           0M           0M 
[8.594s][info][gc,reloc    ] GC(9) Y: Forwarding Usage: 0M
[8.594s][info][gc,reloc    ] GC(9) Y: Age Table:
[8.594s][info][gc,reloc    ] GC(9) Y:                    Live             Garbage             Small              Medium             Large        
[8.594s][info][gc,reloc    ] GC(9) Y: Eden                -                 0M (0%)           0 / 0              0 / 0              0 / 0        
[8.594s][info][gc,reloc    ] GC(9) Y: Survivor 1         1M (0%)            0M (0%)           1 / 0              0 / 0              0 / 0        
[8.594s][info][gc,reloc    ] GC(9) Y: Survivor 2         0M (0%)            1M (0%)           1 / 0              0 / 0              0 / 0        
[8.594s][info][gc,heap     ] GC(9) Y: Min Capacity: 8M(0%)
[8.594s][info][gc,heap     ] GC(9) Y: Max Capacity: 6144M(100%)
[8.594s][info][gc,heap     ] GC(9) Y: Soft Max Capacity: 6144M(100%)
[8.594s][info][gc,heap     ] GC(9) Y: Heap Statistics:
[8.594s][info][gc,heap     ] GC(9) Y:                Mark Start          Mark End        Relocate Start      Relocate End           High               Low         
[8.594s][info][gc,heap     ] GC(9) Y:  Capacity:     6144M (100%)       6144M (100%)       6144M (100%)       6144M (100%)       6144M (100%)       6144M (100%)   
[8.594s][info][gc,heap     ] GC(9) Y:      Free:        0M (0%)            0M (0%)            0M (0%)            0M (0%)            0M (0%)            0M (0%)     
[8.594s][info][gc,heap     ] GC(9) Y:      Used:     6144M (100%)       6144M (100%)       6144M (100%)       6144M (100%)       6144M (100%)       6144M (100%)   
[8.594s][info][gc,heap     ] GC(9) Y: Young Generation Statistics:
[8.594s][info][gc,heap     ] GC(9) Y:                Mark Start          Mark End        Relocate Start      Relocate End    
[8.594s][info][gc,heap     ] GC(9) Y:      Used:        4M (0%)            4M (0%)            0M (0%)            0M (0%)     
[8.594s][info][gc,heap     ] GC(9) Y:      Live:         -                 2M (0%)            0M (0%)            0M (0%)     
[8.594s][info][gc,heap     ] GC(9) Y:   Garbage:         -                 1M (0%)            0M (0%)            0M (0%)     
[8.594s][info][gc,heap     ] GC(9) Y: Allocated:         -                 0M (0%)            0M (0%)            0M (0%)     
[8.594s][info][gc,heap     ] GC(9) Y: Reclaimed:         -                  -                 1M (0%)            1M (0%)     
[8.594s][info][gc,heap     ] GC(9) Y:  Promoted:         -                  -                 2M (0%)            2M (0%)     
[8.594s][info][gc,heap     ] GC(9) Y: Compacted:         -                  -                  -                 0M (0%)     
[8.594s][info][gc,phases   ] GC(9) Y: Young Generation (Promote All) 6144M(100%)->6144M(100%) 0.028s
[8.594s][info][gc,phases   ] GC(9) Y: Young Generation (Collect Roots)
[8.594s][info][gc,phases   ] GC(9) Y: Pause Mark Start (Major) 0.012ms
[8.623s][info][gc,phases   ] GC(9) Y: Concurrent Mark 28.296ms
[8.623s][info][gc,phases   ] GC(9) Y: Pause Mark End 0.015ms
[8.623s][info][gc,phases   ] GC(9) Y: Concurrent Mark Free 0.073ms
[8.623s][info][gc,phases   ] GC(9) Y: Concurrent Reset Relocation Set 0.008ms
[8.627s][info][gc,reloc    ] GC(9) Y: Using tenuring threshold: 0 (Computed)
[8.627s][info][gc,phases   ] GC(9) Y: Concurrent Select Relocation Set 4.483ms
[8.627s][info][gc,phases   ] GC(9) Y: Pause Relocate Start 0.014ms
[8.627s][info][gc,phases   ] GC(9) Y: Concurrent Relocate 0.035ms
[8.627s][info][gc,alloc    ] GC(9) Y:                         Mark Start        Mark End      Relocate Start    Relocate End   
[8.627s][info][gc,alloc    ] GC(9) Y: Allocation Stalls:          1                1                1                1         
[8.627s][info][gc,load     ] GC(9) Y: Load: 1.20 (30%) / 0.75 (19%) / 0.68 (17%)
[8.628s][info][gc,mmu      ] GC(9) Y: MMU: 2ms/98.0%, 5ms/99.1%, 10ms/99.4%, 20ms/99.7%, 50ms/99.8%, 100ms/99.9%
[8.628s][info][gc,marking  ] GC(9) Y: Mark: 1 stripe(s), 1 proactive flush(es), 1 terminate flush(es), 0 completion(s), 0 continuation(s) 
[8.628s][info][gc,marking  ] GC(9) Y: Mark Stack Usage: 0M
[8.628s][info][gc,nmethod  ] GC(9) Y: NMethods: 301 registered, 90 unregistered
[8.628s][info][gc,metaspace] GC(9) Y: Metaspace: 0M used, 0M committed, 1088M reserved
[8.628s][info][gc,heap     ] GC(9) Y: Min Capacity: 8M(0%)
[8.628s][info][gc,heap     ] GC(9) Y: Max Capacity: 6144M(100%)
[8.628s][info][gc,heap     ] GC(9) Y: Soft Max Capacity: 6144M(100%)
[8.628s][info][gc,heap     ] GC(9) Y: Heap Statistics:
[8.628s][info][gc,heap     ] GC(9) Y:                Mark Start          Mark End        Relocate Start      Relocate End           High               Low         
[8.628s][info][gc,heap     ] GC(9) Y:  Capacity:     6144M (100%)       6144M (100%)       6144M (100%)       6144M (100%)       6144M (100%)       6144M (100%)   
[8.628s][info][gc,heap     ] GC(9) Y:      Free:        0M (0%)            0M (0%)            0M (0%)            0M (0%)            0M (0%)            0M (0%)     
[8.628s][info][gc,heap     ] GC(9) Y:      Used:     6144M (100%)       6144M (100%)       6144M (100%)       6144M (100%)       6144M (100%)       6144M (100%)   
[8.628s][info][gc,heap     ] GC(9) Y: Young Generation Statistics:
[8.628s][info][gc,heap     ] GC(9) Y:                Mark Start          Mark End        Relocate Start      Relocate End    
[8.628s][info][gc,heap     ] GC(9) Y:      Used:        0M (0%)            0M (0%)            0M (0%)            0M (0%)     
[8.628s][info][gc,heap     ] GC(9) Y:      Live:         -                 0M (0%)            0M (0%)            0M (0%)     
[8.628s][info][gc,heap     ] GC(9) Y:   Garbage:         -                 0M (0%)            0M (0%)            0M (0%)     
[8.628s][info][gc,heap     ] GC(9) Y: Allocated:         -                 0M (0%)            0M (0%)            0M (0%)     
[8.628s][info][gc,heap     ] GC(9) Y: Reclaimed:         -                  -                 0M (0%)            0M (0%)     
[8.628s][info][gc,heap     ] GC(9) Y:  Promoted:         -                  -                 0M (0%)            0M (0%)     
[8.628s][info][gc,heap     ] GC(9) Y: Compacted:         -                  -                  -                 0M (0%)     
[8.628s][info][gc,phases   ] GC(9) Y: Young Generation (Collect Roots) 6144M(100%)->6144M(100%) 0.033s
[8.628s][info][gc,phases   ] GC(9) O: Old Generation
[8.843s][info][gc,phases   ] GC(9) O: Concurrent Mark 215.027ms
[8.843s][info][gc,phases   ] GC(9) O: Pause Mark End 0.018ms
[8.843s][info][gc,phases   ] GC(9) O: Concurrent Mark Free 0.001ms
[8.844s][info][gc,phases   ] GC(9) O: Concurrent Process Non-Strong 1.025ms
[8.844s][info][gc,phases   ] GC(9) O: Concurrent Reset Relocation Set 0.001ms
[8.850s][info][gc,phases   ] GC(9) O: Concurrent Select Relocation Set 5.830ms
[8.850s][info][gc,task     ] GC(9) O: Using 1 Workers for Old Generation
[8.888s][info][gc,task     ] GC(9) O: Using 1 Workers for Old Generation
[8.888s][info][gc,phases   ] GC(9) O: Concurrent Remap Roots 37.661ms
[8.888s][info][gc,phases   ] GC(9) O: Pause Relocate Start 0.014ms
[8.888s][info][gc          ] Allocation Stall (main) 353.366ms
[8.888s][info][gc          ] GC(10) Minor Collection (Allocation Stall)
[8.888s][info][gc,task     ] GC(10) Using 1 Workers for Young Generation
[8.888s][info][gc,phases   ] GC(10) y: Young Generation
[8.889s][info][gc          ] Allocation Stall (main) 0.606ms
[8.889s][info][gc,phases   ] GC(10) y: Pause Mark Start 0.011ms
[8.890s][info][gc          ] Allocation Stall (main) 1.425ms
[8.890s][info][gc          ] GC(10) y: Relocation Stall (ZWorkerYoung#0) 1.415ms
[8.890s][info][gc,phases   ] GC(9) O: Concurrent Relocate 2.581ms
[8.921s][info][gc,phases   ] GC(10) y: Concurrent Mark 32.500ms
[8.921s][info][gc,phases   ] GC(10) y: Pause Mark End 0.017ms
[8.921s][info][gc,phases   ] GC(10) y: Concurrent Mark Free 0.001ms
[8.921s][info][gc,phases   ] GC(10) y: Concurrent Reset Relocation Set 0.000ms
[8.927s][info][gc,reloc    ] GC(10) y: Using tenuring threshold: 1 (Computed)
[8.927s][info][gc,phases   ] GC(10) y: Concurrent Select Relocation Set 5.260ms
[8.927s][info][gc,phases   ] GC(10) y: Pause Relocate Start 0.010ms
[8.927s][info][gc,phases   ] GC(10) y: Concurrent Relocate 0.113ms
[8.927s][info][gc          ] Allocation Stall (main) 34.359ms
[8.927s][info][gc,alloc    ] GC(10) y:                         Mark Start        Mark End      Relocate Start    Relocate End   
[8.927s][info][gc,alloc    ] GC(10) y: Allocation Stalls:          0                1                1                0         
[8.927s][info][gc,load     ] GC(10) y: Load: 1.20 (30%) / 0.75 (19%) / 0.68 (17%)
[8.927s][info][gc,mmu      ] GC(10) y: MMU: 2ms/98.0%, 5ms/99.1%, 10ms/99.4%, 20ms/99.7%, 50ms/99.8%, 100ms/99.9%
[8.927s][info][gc,marking  ] GC(10) y: Mark: 1 stripe(s), 2 proactive flush(es), 1 terminate flush(es), 0 completion(s), 0 continuation(s) 
[8.927s][info][gc,marking  ] GC(10) y: Mark Stack Usage: 32M
[8.927s][info][gc,nmethod  ] GC(10) y: NMethods: 301 registered, 90 unregistered
[8.927s][info][gc,metaspace] GC(10) y: Metaspace: 0M used, 0M committed, 1088M reserved
[8.927s][info][gc,reloc    ] GC(10) y:                        Candidates     Selected     In-Place         Size        Empty    Relocated 
[8.927s][info][gc,reloc    ] GC(10) y: Small Pages:                    2            1            1           4M           0M           0M 
[8.927s][info][gc,reloc    ] GC(10) y: Medium Pages:                   0            0            0           0M           0M           0M 
[8.927s][info][gc,reloc    ] GC(10) y: Large Pages:                    0            0            0           0M           0M           0M 
[8.927s][info][gc,reloc    ] GC(10) y: Forwarding Usage: 0M
[8.927s][info][gc,reloc    ] GC(10) y: Age Table:
[8.927s][info][gc,reloc    ] GC(10) y:                    Live             Garbage             Small              Medium             Large        
[8.927s][info][gc,reloc    ] GC(10) y: Eden               0M (0%)            3M (0%)           2 / 1              0 / 0              0 / 0        
[8.927s][info][gc,heap     ] GC(10) y: Min Capacity: 8M(0%)
[8.927s][info][gc,heap     ] GC(10) y: Max Capacity: 6144M(100%)
[8.927s][info][gc,heap     ] GC(10) y: Soft Max Capacity: 6144M(100%)
[8.927s][info][gc,heap     ] GC(10) y: Heap Statistics:
[8.927s][info][gc,heap     ] GC(10) y:                Mark Start          Mark End        Relocate Start      Relocate End           High               Low         
[8.927s][info][gc,heap     ] GC(10) y:  Capacity:     6144M (100%)       6144M (100%)       6144M (100%)       6144M (100%)       6144M (100%)       6144M (100%)   
[8.927s][info][gc,heap     ] GC(10) y:      Free:        0M (0%)            0M (0%)            0M (0%)            0M (0%)            2M (0%)            0M (0%)     
[8.927s][info][gc,heap     ] GC(10) y:      Used:     6144M (100%)       6144M (100%)       6144M (100%)       6144M (100%)       6144M (100%)       6142M (100%)   
[8.927s][info][gc,heap     ] GC(10) y: Young Generation Statistics:
[8.927s][info][gc,heap     ] GC(10) y:                Mark Start          Mark End        Relocate Start      Relocate End    
[8.927s][info][gc,heap     ] GC(10) y:      Used:        4M (0%)            6M (0%)            6M (0%)            4M (0%)     
[8.927s][info][gc,heap     ] GC(10) y:      Live:         -                 0M (0%)            0M (0%)            0M (0%)     
[8.927s][info][gc,heap     ] GC(10) y:   Garbage:         -                 3M (0%)            3M (0%)            0M (0%)     
[8.927s][info][gc,heap     ] GC(10) y: Allocated:         -                 2M (0%)            2M (0%)            3M (0%)     
[8.927s][info][gc,heap     ] GC(10) y: Reclaimed:         -                  -                 0M (0%)            3M (0%)     
[8.928s][info][gc,heap     ] GC(10) y:  Promoted:         -                  -                 0M (0%)            0M (0%)     
[8.928s][info][gc,heap     ] GC(10) y: Compacted:         -                  -                  -                 0M (0%)     
[8.928s][info][gc,phases   ] GC(10) y: Young Generation 6144M(100%)->6144M(100%) 0.039s
[8.928s][info][gc          ] GC(10) Minor Collection (Allocation Stall) 6144M(100%)->6144M(100%) 0.040s
[8.928s][info][gc,alloc    ] GC(9) O:                         Mark Start        Mark End      Relocate Start    Relocate End   
[8.928s][info][gc,alloc    ] GC(9) O: Allocation Stalls:          1                1                1                0         
[8.928s][info][gc,load     ] GC(9) O: Load: 1.20 (30%) / 0.75 (19%) / 0.68 (17%)
[8.928s][info][gc,mmu      ] GC(9) O: MMU: 2ms/98.0%, 5ms/99.1%, 10ms/99.4%, 20ms/99.7%, 50ms/99.8%, 100ms/99.9%
[8.928s][info][gc,marking  ] GC(9) O: Mark: 1 stripe(s), 1 proactive flush(es), 1 terminate flush(es), 0 completion(s), 0 continuation(s) 
[8.928s][info][gc,marking  ] GC(9) O: Mark Stack Usage: 32M
[8.928s][info][gc,nmethod  ] GC(9) O: NMethods: 301 registered, 90 unregistered
[8.928s][info][gc,metaspace] GC(9) O: Metaspace: 0M used, 0M committed, 1088M reserved
[8.928s][info][gc,ref      ] GC(9) O:                       Encountered   Discovered     Enqueued 
[8.928s][info][gc,ref      ] GC(9) O: Soft References:               32           21            8 
[8.928s][info][gc,ref      ] GC(9) O: Weak References:               98           72            3 
[8.928s][info][gc,ref      ] GC(9) O: Final References:               0            0            0 
[8.928s][info][gc,ref      ] GC(9) O: Phantom References:             1            1            0 
[8.928s][info][gc,reloc    ] GC(9) O:                        Candidates     Selected     In-Place         Size        Empty    Relocated 
[8.928s][info][gc,reloc    ] GC(9) O: Small Pages:                 3072            3            2        6144M           0M           2M 
[8.928s][info][gc,reloc    ] GC(9) O: Medium Pages:                   0            0            0           0M           0M           0M 
[8.928s][info][gc,reloc    ] GC(9) O: Large Pages:                    0            0            0           0M           0M           0M 
[8.928s][info][gc,reloc    ] GC(9) O: Forwarding Usage: 0M
[8.928s][info][gc,heap     ] GC(9) O: Min Capacity: 8M(0%)
[8.928s][info][gc,heap     ] GC(9) O: Max Capacity: 6144M(100%)
[8.928s][info][gc,heap     ] GC(9) O: Soft Max Capacity: 6144M(100%)
[8.928s][info][gc,heap     ] GC(9) O: Heap Statistics:
[8.928s][info][gc,heap     ] GC(9) O:                Mark Start          Mark End        Relocate Start      Relocate End           High               Low         
[8.928s][info][gc,heap     ] GC(9) O:  Capacity:     6144M (100%)       6144M (100%)       6144M (100%)       6144M (100%)       6144M (100%)       6144M (100%)   
[8.928s][info][gc,heap     ] GC(9) O:      Free:        0M (0%)            0M (0%)            0M (0%)            0M (0%)            2M (0%)            0M (0%)     
[8.928s][info][gc,heap     ] GC(9) O:      Used:     6144M (100%)       6144M (100%)       6144M (100%)       6144M (100%)       6144M (100%)       6142M (100%)   
[8.928s][info][gc,heap     ] GC(9) O: Old Generation Statistics:
[8.928s][info][gc,heap     ] GC(9) O:                Mark Start          Mark End        Relocate Start      Relocate End    
[8.928s][info][gc,heap     ] GC(9) O:      Used:     6144M (100%)       6144M (100%)       6144M (100%)       6138M (100%)   
[8.928s][info][gc,heap     ] GC(9) O:      Live:         -              5855M (95%)        5855M (95%)        5855M (95%)    
[8.928s][info][gc,heap     ] GC(9) O:   Garbage:         -               288M (5%)          288M (5%)          282M (5%)     
[8.928s][info][gc,heap     ] GC(9) O: Allocated:         -                 0M (0%)            0M (0%)            0M (0%)     
[8.928s][info][gc,heap     ] GC(9) O: Reclaimed:         -                  -                 0M (0%)            6M (0%)     
[8.928s][info][gc,heap     ] GC(9) O: Compacted:         -                  -                  -                 3M (0%)     
[8.928s][info][gc,phases   ] GC(9) O: Old Generation 6144M(100%)->6144M(100%) 0.300s
[8.928s][info][gc          ] GC(9) Major Collection (Allocation Stall) 6144M(100%)->6144M(100%) 0.362s
[8.929s][info][gc          ] GC(11) Minor Collection (Allocation Stall)
[8.929s][info][gc,task     ] GC(11) Using 1 Workers for Young Generation
[8.929s][info][gc,phases   ] GC(11) y: Young Generation
[8.929s][info][gc,phases   ] GC(11) y: Pause Mark Start 0.033ms
[8.958s][info][gc,phases   ] GC(11) y: Concurrent Mark 28.938ms
[8.958s][info][gc,phases   ] GC(11) y: Pause Mark End 0.012ms
[8.958s][info][gc,phases   ] GC(11) y: Concurrent Mark Free 0.001ms
[8.959s][info][gc,phases   ] GC(11) y: Concurrent Reset Relocation Set 0.001ms
[8.962s][info][gc,reloc    ] GC(11) y: Using tenuring threshold: 2 (Computed)
[8.962s][info][gc,phases   ] GC(11) y: Concurrent Select Relocation Set 3.685ms
[8.962s][info][gc,phases   ] GC(11) y: Pause Relocate Start 0.018ms
[8.962s][info][gc,phases   ] GC(11) y: Concurrent Relocate 0.113ms
[8.962s][info][gc,alloc    ] GC(11) y:                         Mark Start        Mark End      Relocate Start    Relocate End   
[8.962s][info][gc,alloc    ] GC(11) y: Allocation Stalls:          1                1                1                1         
[8.963s][info][gc,load     ] GC(11) y: Load: 1.20 (30%) / 0.75 (19%) / 0.68 (17%)
[8.963s][info][gc,mmu      ] GC(11) y: MMU: 2ms/98.0%, 5ms/99.1%, 10ms/99.4%, 20ms/99.7%, 50ms/99.8%, 100ms/99.9%
[8.963s][info][gc,marking  ] GC(11) y: Mark: 1 stripe(s), 1 proactive flush(es), 1 terminate flush(es), 0 completion(s), 0 continuation(s) 
[8.963s][info][gc,marking  ] GC(11) y: Mark Stack Usage: 32M
[8.963s][info][gc,nmethod  ] GC(11) y: NMethods: 301 registered, 90 unregistered
[8.963s][info][gc,metaspace] GC(11) y: Metaspace: 0M used, 0M committed, 1088M reserved
[8.963s][info][gc,reloc    ] GC(11) y:                        Candidates     Selected     In-Place         Size        Empty    Relocated 
[8.963s][info][gc,reloc    ] GC(11) y: Small Pages:                    3            0            0           6M           0M           0M 
[8.963s][info][gc,reloc    ] GC(11) y: Medium Pages:                   0            0            0           0M           0M           0M 
[8.963s][info][gc,reloc    ] GC(11) y: Large Pages:                    0            0            0           0M           0M           0M 
[8.963s][info][gc,reloc    ] GC(11) y: Forwarding Usage: 0M
[8.963s][info][gc,reloc    ] GC(11) y: Age Table:
[8.963s][info][gc,reloc    ] GC(11) y:                    Live             Garbage             Small              Medium             Large        
[8.963s][info][gc,reloc    ] GC(11) y: Eden               3M (0%)            0M (0%)           2 / 0              0 / 0              0 / 0        
[8.963s][info][gc,reloc    ] GC(11) y: Survivor 1         0M (0%)            1M (0%)           1 / 0              0 / 0              0 / 0        
[8.963s][info][gc,heap     ] GC(11) y: Min Capacity: 8M(0%)
[8.963s][info][gc,heap     ] GC(11) y: Max Capacity: 6144M(100%)
[8.963s][info][gc,heap     ] GC(11) y: Soft Max Capacity: 6144M(100%)
[8.963s][info][gc,heap     ] GC(11) y: Heap Statistics:
[8.963s][info][gc,heap     ] GC(11) y:                Mark Start          Mark End        Relocate Start      Relocate End           High               Low         
[8.963s][info][gc,heap     ] GC(11) y:  Capacity:     6144M (100%)       6144M (100%)       6144M (100%)       6144M (100%)       6144M (100%)       6144M (100%)   
[8.963s][info][gc,heap     ] GC(11) y:      Free:        0M (0%)            0M (0%)            0M (0%)            0M (0%)            0M (0%)            0M (0%)     
[8.963s][info][gc,heap     ] GC(11) y:      Used:     6144M (100%)       6144M (100%)       6144M (100%)       6144M (100%)       6144M (100%)       6144M (100%)   
[8.963s][info][gc,heap     ] GC(11) y: Young Generation Statistics:
[8.963s][info][gc,heap     ] GC(11) y:                Mark Start          Mark End        Relocate Start      Relocate End    
[8.963s][info][gc,heap     ] GC(11) y:      Used:        6M (0%)            6M (0%)            6M (0%)            6M (0%)     
[8.963s][info][gc,heap     ] GC(11) y:      Live:         -                 3M (0%)            3M (0%)            3M (0%)     
[8.963s][info][gc,heap     ] GC(11) y:   Garbage:         -                 2M (0%)            2M (0%)            2M (0%)     
[8.963s][info][gc,heap     ] GC(11) y: Allocated:         -                 0M (0%)            0M (0%)            0M (0%)     
[8.963s][info][gc,heap     ] GC(11) y: Reclaimed:         -                  -                 0M (0%)            0M (0%)     
[8.963s][info][gc,heap     ] GC(11) y:  Promoted:         -                  -                 0M (0%)            0M (0%)     
[8.963s][info][gc,heap     ] GC(11) y: Compacted:         -                  -                  -                 0M (0%)     
[8.963s][info][gc,phases   ] GC(11) y: Young Generation 6144M(100%)->6144M(100%) 0.033s
[8.963s][info][gc          ] GC(11) Minor Collection (Allocation Stall) 6144M(100%)->6144M(100%) 0.034s
[8.963s][info][gc,ref      ] Clearing All SoftReferences
[8.963s][info][gc          ] GC(12) Major Collection (Allocation Stall)
[8.963s][info][gc,task     ] GC(12) Using 1 Workers for Young Generation
[8.963s][info][gc,task     ] GC(12) Using 1 Workers for Old Generation
[8.963s][info][gc,phases   ] GC(12) Y: Young Generation (Promote All)
[8.963s][info][gc,phases   ] GC(12) Y: Pause Mark Start 0.009ms
[8.980s][info][gc,phases   ] GC(12) Y: Concurrent Mark 16.930ms
[8.980s][info][gc,phases   ] GC(12) Y: Pause Mark End 0.011ms
[8.980s][info][gc,phases   ] GC(12) Y: Concurrent Mark Free 0.001ms
[8.980s][info][gc,phases   ] GC(12) Y: Concurrent Reset Relocation Set 0.000ms
[8.984s][info][gc,reloc    ] GC(12) Y: Using tenuring threshold: 0 (Promote All)
[8.984s][info][gc,phases   ] GC(12) Y: Concurrent Select Relocation Set 4.154ms
[8.984s][info][gc,phases   ] GC(12) Y: Pause Relocate Start 0.008ms
[8.984s][info][gc,phases   ] GC(12) Y: Concurrent Relocate 0.116ms
[8.984s][info][gc,alloc    ] GC(12) Y:                         Mark Start        Mark End      Relocate Start    Relocate End   
[8.984s][info][gc,alloc    ] GC(12) Y: Allocation Stalls:          1                1                1                1         
[8.984s][info][gc,load     ] GC(12) Y: Load: 1.20 (30%) / 0.75 (19%) / 0.68 (17%)
[8.984s][info][gc,mmu      ] GC(12) Y: MMU: 2ms/98.0%, 5ms/99.1%, 10ms/99.4%, 20ms/99.7%, 50ms/99.8%, 100ms/99.9%
[8.984s][info][gc,marking  ] GC(12) Y: Mark: 1 stripe(s), 1 proactive flush(es), 1 terminate flush(es), 0 completion(s), 0 continuation(s) 
[8.984s][info][gc,marking  ] GC(12) Y: Mark Stack Usage: 32M
[8.984s][info][gc,nmethod  ] GC(12) Y: NMethods: 301 registered, 90 unregistered
[8.984s][info][gc,metaspace] GC(12) Y: Metaspace: 0M used, 0M committed, 1088M reserved
[8.984s][info][gc,reloc    ] GC(12) Y:                        Candidates     Selected     In-Place         Size        Empty    Relocated 
[8.984s][info][gc,reloc    ] GC(12) Y: Small Pages:                    3            0            0           6M           0M           0M 
[8.984s][info][gc,reloc    ] GC(12) Y: Medium Pages:                   0            0            0           0M           0M           0M 
[8.984s][info][gc,reloc    ] GC(12) Y: Large Pages:                    0            0            0           0M           0M           0M 
[8.984s][info][gc,reloc    ] GC(12) Y: Forwarding Usage: 0M
[8.984s][info][gc,reloc    ] GC(12) Y: Age Table:
[8.984s][info][gc,reloc    ] GC(12) Y:                    Live             Garbage             Small              Medium             Large        
[8.985s][info][gc,reloc    ] GC(12) Y: Eden                -                 0M (0%)           0 / 0              0 / 0              0 / 0        
[8.985s][info][gc,reloc    ] GC(12) Y: Survivor 1         3M (0%)            0M (0%)           2 / 0              0 / 0              0 / 0        
[8.985s][info][gc,reloc    ] GC(12) Y: Survivor 2         0M (0%)            1M (0%)           1 / 0              0 / 0              0 / 0        
[8.985s][info][gc,heap     ] GC(12) Y: Min Capacity: 8M(0%)
[8.985s][info][gc,heap     ] GC(12) Y: Max Capacity: 6144M(100%)
[8.985s][info][gc,heap     ] GC(12) Y: Soft Max Capacity: 6144M(100%)
[8.985s][info][gc,heap     ] GC(12) Y: Heap Statistics:
[8.985s][info][gc,heap     ] GC(12) Y:                Mark Start          Mark End        Relocate Start      Relocate End           High               Low         
[8.985s][info][gc,heap     ] GC(12) Y:  Capacity:     6144M (100%)       6144M (100%)       6144M (100%)       6144M (100%)       6144M (100%)       6144M (100%)   
[8.985s][info][gc,heap     ] GC(12) Y:      Free:        0M (0%)            0M (0%)            0M (0%)            0M (0%)            0M (0%)            0M (0%)     
[8.985s][info][gc,heap     ] GC(12) Y:      Used:     6144M (100%)       6144M (100%)       6144M (100%)       6144M (100%)       6144M (100%)       6144M (100%)   
[8.985s][info][gc,heap     ] GC(12) Y: Young Generation Statistics:
[8.985s][info][gc,heap     ] GC(12) Y:                Mark Start          Mark End        Relocate Start      Relocate End    
[8.985s][info][gc,heap     ] GC(12) Y:      Used:        6M (0%)            6M (0%)            0M (0%)            0M (0%)     
[8.985s][info][gc,heap     ] GC(12) Y:      Live:         -                 3M (0%)            0M (0%)            0M (0%)     
[8.985s][info][gc,heap     ] GC(12) Y:   Garbage:         -                 2M (0%)            0M (0%)            0M (0%)     
[8.985s][info][gc,heap     ] GC(12) Y: Allocated:         -                 0M (0%)            0M (0%)            0M (0%)     
[8.985s][info][gc,heap     ] GC(12) Y: Reclaimed:         -                  -                 2M (0%)            2M (0%)     
[8.985s][info][gc,heap     ] GC(12) Y:  Promoted:         -                  -                 3M (0%)            3M (0%)     
[8.985s][info][gc,heap     ] GC(12) Y: Compacted:         -                  -                  -                 0M (0%)     
[8.985s][info][gc,phases   ] GC(12) Y: Young Generation (Promote All) 6144M(100%)->6144M(100%) 0.022s
[8.985s][info][gc,phases   ] GC(12) Y: Young Generation (Collect Roots)
[8.985s][info][gc,phases   ] GC(12) Y: Pause Mark Start (Major) 0.008ms
[9.007s][info][gc,phases   ] GC(12) Y: Concurrent Mark 22.689ms
[9.008s][info][gc,phases   ] GC(12) Y: Pause Mark End 0.015ms
[9.008s][info][gc,phases   ] GC(12) Y: Concurrent Mark Free 0.033ms
[9.008s][info][gc,phases   ] GC(12) Y: Concurrent Reset Relocation Set 0.007ms
[9.011s][info][gc,reloc    ] GC(12) Y: Using tenuring threshold: 0 (Computed)
[9.011s][info][gc,phases   ] GC(12) Y: Concurrent Select Relocation Set 3.687ms
[9.011s][info][gc,phases   ] GC(12) Y: Pause Relocate Start 0.009ms
[9.012s][info][gc,phases   ] GC(12) Y: Concurrent Relocate 0.064ms
[9.012s][info][gc,alloc    ] GC(12) Y:                         Mark Start        Mark End      Relocate Start    Relocate End   
[9.012s][info][gc,alloc    ] GC(12) Y: Allocation Stalls:          1                1                1                1         
[9.012s][info][gc,load     ] GC(12) Y: Load: 1.20 (30%) / 0.75 (19%) / 0.68 (17%)
[9.012s][info][gc,mmu      ] GC(12) Y: MMU: 2ms/98.0%, 5ms/99.1%, 10ms/99.4%, 20ms/99.7%, 50ms/99.8%, 100ms/99.8%
[9.012s][info][gc,marking  ] GC(12) Y: Mark: 1 stripe(s), 1 proactive flush(es), 1 terminate flush(es), 0 completion(s), 0 continuation(s) 
[9.012s][info][gc,marking  ] GC(12) Y: Mark Stack Usage: 0M
[9.012s][info][gc,nmethod  ] GC(12) Y: NMethods: 301 registered, 90 unregistered
[9.012s][info][gc,metaspace] GC(12) Y: Metaspace: 0M used, 0M committed, 1088M reserved
[9.012s][info][gc,heap     ] GC(12) Y: Min Capacity: 8M(0%)
[9.012s][info][gc,heap     ] GC(12) Y: Max Capacity: 6144M(100%)
[9.012s][info][gc,heap     ] GC(12) Y: Soft Max Capacity: 6144M(100%)
[9.012s][info][gc,heap     ] GC(12) Y: Heap Statistics:
[9.012s][info][gc,heap     ] GC(12) Y:                Mark Start          Mark End        Relocate Start      Relocate End           High               Low         
[9.012s][info][gc,heap     ] GC(12) Y:  Capacity:     6144M (100%)       6144M (100%)       6144M (100%)       6144M (100%)       6144M (100%)       6144M (100%)   
[9.012s][info][gc,heap     ] GC(12) Y:      Free:        0M (0%)            0M (0%)            0M (0%)            0M (0%)            0M (0%)            0M (0%)     
[9.012s][info][gc,heap     ] GC(12) Y:      Used:     6144M (100%)       6144M (100%)       6144M (100%)       6144M (100%)       6144M (100%)       6144M (100%)   
[9.012s][info][gc,heap     ] GC(12) Y: Young Generation Statistics:
[9.012s][info][gc,heap     ] GC(12) Y:                Mark Start          Mark End        Relocate Start      Relocate End    
[9.012s][info][gc,heap     ] GC(12) Y:      Used:        0M (0%)            0M (0%)            0M (0%)            0M (0%)     
[9.012s][info][gc,heap     ] GC(12) Y:      Live:         -                 0M (0%)            0M (0%)            0M (0%)     
[9.012s][info][gc,heap     ] GC(12) Y:   Garbage:         -                 0M (0%)            0M (0%)            0M (0%)     
[9.012s][info][gc,heap     ] GC(12) Y: Allocated:         -                 0M (0%)            0M (0%)            0M (0%)     
[9.012s][info][gc,heap     ] GC(12) Y: Reclaimed:         -                  -                 0M (0%)            0M (0%)     
[9.012s][info][gc,heap     ] GC(12) Y:  Promoted:         -                  -                 0M (0%)            0M (0%)     
[9.012s][info][gc,heap     ] GC(12) Y: Compacted:         -                  -                  -                 0M (0%)     
[9.012s][info][gc,phases   ] GC(12) Y: Young Generation (Collect Roots) 6144M(100%)->6144M(100%) 0.027s
[9.012s][info][gc,phases   ] GC(12) O: Old Generation
[9.048s][info][gc,phases   ] GC(12) O: Concurrent Mark 36.271ms
[9.048s][info][gc,phases   ] GC(12) O: Pause Mark End 0.015ms
[9.048s][info][gc,phases   ] GC(12) O: Concurrent Mark Free 0.001ms
[9.049s][info][gc,phases   ] GC(12) O: Concurrent Process Non-Strong 0.837ms
[9.049s][info][gc,phases   ] GC(12) O: Concurrent Reset Relocation Set 0.002ms
[9.053s][info][gc,phases   ] GC(12) O: Concurrent Select Relocation Set 4.238ms
[9.053s][info][gc,task     ] GC(12) O: Using 1 Workers for Old Generation
[9.091s][info][gc,task     ] GC(12) O: Using 1 Workers for Old Generation
[9.091s][info][gc,phases   ] GC(12) O: Concurrent Remap Roots 37.651ms
[9.091s][info][gc,phases   ] GC(12) O: Pause Relocate Start 0.014ms
[9.094s][info][gc,phases   ] GC(12) O: Concurrent Relocate 2.570ms
[9.094s][info][gc,alloc    ] GC(12) O:                         Mark Start        Mark End      Relocate Start    Relocate End   
[9.094s][info][gc,alloc    ] GC(12) O: Allocation Stalls:          1                1                1                0         
[9.094s][info][gc,load     ] GC(12) O: Load: 1.20 (30%) / 0.75 (19%) / 0.68 (17%)
[9.094s][info][gc          ] Allocation Stall (main) 164.599ms
[9.094s][info][gc,mmu      ] GC(12) O: MMU: 2ms/98.0%, 5ms/99.1%, 10ms/99.4%, 20ms/99.7%, 50ms/99.8%, 100ms/99.8%
[9.094s][info][gc,marking  ] GC(12) O: Mark: 1 stripe(s), 1 proactive flush(es), 1 terminate flush(es), 0 completion(s), 0 continuation(s) 
[9.094s][info][gc,marking  ] GC(12) O: Mark Stack Usage: 32M
[9.094s][info][gc,nmethod  ] GC(12) O: NMethods: 301 registered, 90 unregistered
[9.094s][info][gc,metaspace] GC(12) O: Metaspace: 0M used, 0M committed, 1088M reserved
[9.094s][info][gc,ref      ] GC(12) O:                       Encountered   Discovered     Enqueued 
[9.094s][info][gc,ref      ] GC(12) O: Soft References:               24           13            0 
[9.094s][info][gc,ref      ] GC(12) O: Weak References:               95           69            0 
[9.094s][info][gc,ref      ] GC(12) O: Final References:               0            0            0 
[9.094s][info][gc,ref      ] GC(12) O: Phantom References:             1            1            0 
[9.094s][info][gc,reloc    ] GC(12) O:                        Candidates     Selected     In-Place         Size        Empty    Relocated 
[9.094s][info][gc,reloc    ] GC(12) O: Small Pages:                 3072            1            1        6144M           0M           1M 
[9.094s][info][gc,reloc    ] GC(12) O: Medium Pages:                   0            0            0           0M           0M           0M 
[9.094s][info][gc,reloc    ] GC(12) O: Large Pages:                    0            0            0           0M           0M           0M 
[9.094s][info][gc,reloc    ] GC(12) O: Forwarding Usage: 0M
[9.094s][info][gc,heap     ] GC(12) O: Min Capacity: 8M(0%)
[9.094s][info][gc,heap     ] GC(12) O: Max Capacity: 6144M(100%)
[9.094s][info][gc,heap     ] GC(12) O: Soft Max Capacity: 6144M(100%)
[9.094s][info][gc,heap     ] GC(12) O: Heap Statistics:
[9.094s][info][gc,heap     ] GC(12) O:                Mark Start          Mark End        Relocate Start      Relocate End           High               Low         
[9.094s][info][gc,heap     ] GC(12) O:  Capacity:     6144M (100%)       6144M (100%)       6144M (100%)       6144M (100%)       6144M (100%)       6144M (100%)   
[9.094s][info][gc,heap     ] GC(12) O:      Free:        0M (0%)            0M (0%)            0M (0%)            0M (0%)            2M (0%)            0M (0%)     
[9.094s][info][gc,heap     ] GC(12) O:      Used:     6144M (100%)       6144M (100%)       6144M (100%)       6144M (100%)       6144M (100%)       6142M (100%)   
[9.094s][info][gc,heap     ] GC(12) O: Old Generation Statistics:
[9.094s][info][gc,heap     ] GC(12) O:                Mark Start          Mark End        Relocate Start      Relocate End    
[9.094s][info][gc,heap     ] GC(12) O:      Used:     6144M (100%)       6144M (100%)       6144M (100%)       6142M (100%)   
[9.094s][info][gc,heap     ] GC(12) O:      Live:         -              5859M (95%)        5859M (95%)        5859M (95%)    
[9.094s][info][gc,heap     ] GC(12) O:   Garbage:         -               284M (5%)          284M (5%)          282M (5%)     
[9.094s][info][gc,heap     ] GC(12) O: Allocated:         -                 0M (0%)            0M (0%)            0M (0%)     
[9.094s][info][gc,heap     ] GC(12) O: Reclaimed:         -                  -                 0M (0%)            2M (0%)     
[9.094s][info][gc,heap     ] GC(12) O: Compacted:         -                  -                  -                 1M (0%)     
[9.094s][info][gc,phases   ] GC(12) O: Old Generation 6144M(100%)->6144M(100%) 0.082s
[9.094s][info][gc          ] GC(12) Major Collection (Allocation Stall) 6144M(100%)->6144M(100%) 0.131s
[9.095s][info][gc          ] GC(13) Minor Collection (Allocation Stall)
[9.095s][info][gc,task     ] GC(13) Using 1 Workers for Young Generation
[9.095s][info][gc,phases   ] GC(13) y: Young Generation
[9.095s][info][gc,phases   ] GC(13) y: Pause Mark Start 0.013ms
[9.112s][info][gc,phases   ] GC(13) y: Concurrent Mark 17.007ms
[9.112s][info][gc,phases   ] GC(13) y: Pause Mark End 0.014ms
[9.112s][info][gc,phases   ] GC(13) y: Concurrent Mark Free 0.001ms
[9.112s][info][gc,phases   ] GC(13) y: Concurrent Reset Relocation Set 0.000ms
[9.116s][info][gc,reloc    ] GC(13) y: Using tenuring threshold: 1 (Computed)
[9.116s][info][gc,phases   ] GC(13) y: Concurrent Select Relocation Set 3.724ms
[9.116s][info][gc,phases   ] GC(13) y: Pause Relocate Start 0.009ms
[9.116s][info][gc,phases   ] GC(13) y: Concurrent Relocate 0.053ms
[9.116s][info][gc,alloc    ] GC(13) y:                         Mark Start        Mark End      Relocate Start    Relocate End   
[9.116s][info][gc,alloc    ] GC(13) y: Allocation Stalls:          1                1                1                1         
[9.116s][info][gc,load     ] GC(13) y: Load: 1.20 (30%) / 0.75 (19%) / 0.68 (17%)
[9.116s][info][gc,mmu      ] GC(13) y: MMU: 2ms/98.0%, 5ms/99.1%, 10ms/99.4%, 20ms/99.7%, 50ms/99.8%, 100ms/99.8%
[9.116s][info][gc,marking  ] GC(13) y: Mark: 1 stripe(s), 1 proactive flush(es), 1 terminate flush(es), 0 completion(s), 0 continuation(s) 
[9.116s][info][gc,marking  ] GC(13) y: Mark Stack Usage: 32M
[9.116s][info][gc,nmethod  ] GC(13) y: NMethods: 301 registered, 90 unregistered
[9.116s][info][gc,metaspace] GC(13) y: Metaspace: 0M used, 0M committed, 1088M reserved
[9.116s][info][gc,reloc    ] GC(13) y:                        Candidates     Selected     In-Place         Size        Empty    Relocated 
[9.116s][info][gc,reloc    ] GC(13) y: Small Pages:                    1            0            0           2M           0M           0M 
[9.116s][info][gc,reloc    ] GC(13) y: Medium Pages:                   0            0            0           0M           0M           0M 
[9.116s][info][gc,reloc    ] GC(13) y: Large Pages:                    0            0            0           0M           0M           0M 
[9.116s][info][gc,reloc    ] GC(13) y: Forwarding Usage: 0M
[9.116s][info][gc,reloc    ] GC(13) y: Age Table:
[9.116s][info][gc,reloc    ] GC(13) y:                    Live             Garbage             Small              Medium             Large        
[9.117s][info][gc,reloc    ] GC(13) y: Eden               1M (0%)            0M (0%)           1 / 0              0 / 0              0 / 0        
[9.117s][info][gc,heap     ] GC(13) y: Min Capacity: 8M(0%)
[9.117s][info][gc,heap     ] GC(13) y: Max Capacity: 6144M(100%)
[9.117s][info][gc,heap     ] GC(13) y: Soft Max Capacity: 6144M(100%)
[9.117s][info][gc,heap     ] GC(13) y: Heap Statistics:
[9.117s][info][gc,heap     ] GC(13) y:                Mark Start          Mark End        Relocate Start      Relocate End           High               Low         
[9.117s][info][gc,heap     ] GC(13) y:  Capacity:     6144M (100%)       6144M (100%)       6144M (100%)       6144M (100%)       6144M (100%)       6144M (100%)   
[9.117s][info][gc,heap     ] GC(13) y:      Free:        0M (0%)            0M (0%)            0M (0%)            0M (0%)            0M (0%)            0M (0%)     
[9.117s][info][gc,heap     ] GC(13) y:      Used:     6144M (100%)       6144M (100%)       6144M (100%)       6144M (100%)       6144M (100%)       6144M (100%)   
[9.117s][info][gc,heap     ] GC(13) y: Young Generation Statistics:
[9.117s][info][gc,heap     ] GC(13) y:                Mark Start          Mark End        Relocate Start      Relocate End    
[9.117s][info][gc,heap     ] GC(13) y:      Used:        2M (0%)            2M (0%)            2M (0%)            2M (0%)     
[9.117s][info][gc,heap     ] GC(13) y:      Live:         -                 1M (0%)            1M (0%)            1M (0%)     
[9.117s][info][gc,heap     ] GC(13) y:   Garbage:         -                 0M (0%)            0M (0%)            0M (0%)     
[9.117s][info][gc,heap     ] GC(13) y: Allocated:         -                 0M (0%)            0M (0%)            0M (0%)     
[9.117s][info][gc,heap     ] GC(13) y: Reclaimed:         -                  -                 0M (0%)            0M (0%)     
[9.117s][info][gc,heap     ] GC(13) y:  Promoted:         -                  -                 0M (0%)            0M (0%)     
[9.117s][info][gc,heap     ] GC(13) y: Compacted:         -                  -                  -                 0M (0%)     
[9.117s][info][gc,phases   ] GC(13) y: Young Generation 6144M(100%)->6144M(100%) 0.021s
[9.117s][info][gc          ] GC(13) Minor Collection (Allocation Stall) 6144M(100%)->6144M(100%) 0.021s
[9.117s][info][gc,ref      ] Clearing All SoftReferences
[9.117s][info][gc          ] GC(14) Major Collection (Allocation Stall)
[9.117s][info][gc,task     ] GC(14) Using 1 Workers for Young Generation
[9.117s][info][gc,task     ] GC(14) Using 1 Workers for Old Generation
[9.117s][info][gc,phases   ] GC(14) Y: Young Generation (Promote All)
[9.117s][info][gc,phases   ] GC(14) Y: Pause Mark Start 0.024ms
[9.135s][info][gc,phases   ] GC(14) Y: Concurrent Mark 18.144ms
[9.135s][info][gc,phases   ] GC(14) Y: Pause Mark End 0.014ms
[9.135s][info][gc,phases   ] GC(14) Y: Concurrent Mark Free 0.001ms
[9.135s][info][gc,phases   ] GC(14) Y: Concurrent Reset Relocation Set 0.000ms
[9.139s][info][gc,reloc    ] GC(14) Y: Using tenuring threshold: 0 (Promote All)
[9.139s][info][gc,phases   ] GC(14) Y: Concurrent Select Relocation Set 3.884ms
[9.139s][info][gc,phases   ] GC(14) Y: Pause Relocate Start 0.009ms
[9.139s][info][gc,phases   ] GC(14) Y: Concurrent Relocate 0.059ms
[9.139s][info][gc,alloc    ] GC(14) Y:                         Mark Start        Mark End      Relocate Start    Relocate End   
[9.139s][info][gc,alloc    ] GC(14) Y: Allocation Stalls:          1                1                1                1         
[9.139s][info][gc,load     ] GC(14) Y: Load: 1.20 (30%) / 0.75 (19%) / 0.68 (17%)
[9.139s][info][gc,mmu      ] GC(14) Y: MMU: 2ms/98.0%, 5ms/99.1%, 10ms/99.4%, 20ms/99.7%, 50ms/99.8%, 100ms/99.8%
[9.139s][info][gc,marking  ] GC(14) Y: Mark: 1 stripe(s), 1 proactive flush(es), 1 terminate flush(es), 0 completion(s), 0 continuation(s) 
[9.139s][info][gc,marking  ] GC(14) Y: Mark Stack Usage: 32M
[9.139s][info][gc,nmethod  ] GC(14) Y: NMethods: 301 registered, 90 unregistered
[9.139s][info][gc,metaspace] GC(14) Y: Metaspace: 0M used, 0M committed, 1088M reserved
[9.139s][info][gc,reloc    ] GC(14) Y:                        Candidates     Selected     In-Place         Size        Empty    Relocated 
[9.139s][info][gc,reloc    ] GC(14) Y: Small Pages:                    1            0            0           2M           0M           0M 
[9.139s][info][gc,reloc    ] GC(14) Y: Medium Pages:                   0            0            0           0M           0M           0M 
[9.139s][info][gc,reloc    ] GC(14) Y: Large Pages:                    0            0            0           0M           0M           0M 
[9.139s][info][gc,reloc    ] GC(14) Y: Forwarding Usage: 0M
[9.139s][info][gc,reloc    ] GC(14) Y: Age Table:
[9.139s][info][gc,reloc    ] GC(14) Y:                    Live             Garbage             Small              Medium             Large        
[9.139s][info][gc,reloc    ] GC(14) Y: Eden                -                 0M (0%)           0 / 0              0 / 0              0 / 0        
[9.139s][info][gc,reloc    ] GC(14) Y: Survivor 1         1M (0%)            0M (0%)           1 / 0              0 / 0              0 / 0        
[9.139s][info][gc,heap     ] GC(14) Y: Min Capacity: 8M(0%)
[9.139s][info][gc,heap     ] GC(14) Y: Max Capacity: 6144M(100%)
[9.139s][info][gc,heap     ] GC(14) Y: Soft Max Capacity: 6144M(100%)
[9.139s][info][gc,heap     ] GC(14) Y: Heap Statistics:
[9.139s][info][gc,heap     ] GC(14) Y:                Mark Start          Mark End        Relocate Start      Relocate End           High               Low         
[9.139s][info][gc,heap     ] GC(14) Y:  Capacity:     6144M (100%)       6144M (100%)       6144M (100%)       6144M (100%)       6144M (100%)       6144M (100%)   
[9.139s][info][gc,heap     ] GC(14) Y:      Free:        0M (0%)            0M (0%)            0M (0%)            0M (0%)            0M (0%)            0M (0%)     
[9.139s][info][gc,heap     ] GC(14) Y:      Used:     6144M (100%)       6144M (100%)       6144M (100%)       6144M (100%)       6144M (100%)       6144M (100%)   
[9.139s][info][gc,heap     ] GC(14) Y: Young Generation Statistics:
[9.139s][info][gc,heap     ] GC(14) Y:                Mark Start          Mark End        Relocate Start      Relocate End    
[9.139s][info][gc,heap     ] GC(14) Y:      Used:        2M (0%)            2M (0%)            0M (0%)            0M (0%)     
[9.140s][info][gc,heap     ] GC(14) Y:      Live:         -                 1M (0%)            0M (0%)            0M (0%)     
[9.140s][info][gc,heap     ] GC(14) Y:   Garbage:         -                 0M (0%)            0M (0%)            0M (0%)     
[9.140s][info][gc,heap     ] GC(14) Y: Allocated:         -                 0M (0%)            0M (0%)            0M (0%)     
[9.140s][info][gc,heap     ] GC(14) Y: Reclaimed:         -                  -                 0M (0%)            0M (0%)     
[9.140s][info][gc,heap     ] GC(14) Y:  Promoted:         -                  -                 1M (0%)            1M (0%)     
[9.140s][info][gc,heap     ] GC(14) Y: Compacted:         -                  -                  -                 0M (0%)     
[9.140s][info][gc,phases   ] GC(14) Y: Young Generation (Promote All) 6144M(100%)->6144M(100%) 0.022s
[9.140s][info][gc,phases   ] GC(14) Y: Young Generation (Collect Roots)
[9.140s][info][gc,phases   ] GC(14) Y: Pause Mark Start (Major) 0.008ms
[9.158s][info][gc,phases   ] GC(14) Y: Concurrent Mark 18.227ms
[9.158s][info][gc,phases   ] GC(14) Y: Pause Mark End 0.022ms
[9.158s][info][gc,phases   ] GC(14) Y: Concurrent Mark Free 0.039ms
[9.158s][info][gc,phases   ] GC(14) Y: Concurrent Reset Relocation Set 0.003ms
[9.162s][info][gc,reloc    ] GC(14) Y: Using tenuring threshold: 0 (Computed)
[9.162s][info][gc,phases   ] GC(14) Y: Concurrent Select Relocation Set 3.772ms
[9.162s][info][gc,phases   ] GC(14) Y: Pause Relocate Start 0.008ms
[9.162s][info][gc,phases   ] GC(14) Y: Concurrent Relocate 0.058ms
[9.162s][info][gc,alloc    ] GC(14) Y:                         Mark Start        Mark End      Relocate Start    Relocate End   
[9.162s][info][gc,alloc    ] GC(14) Y: Allocation Stalls:          1                1                1                1         
[9.162s][info][gc,load     ] GC(14) Y: Load: 1.20 (30%) / 0.75 (19%) / 0.68 (17%)
[9.162s][info][gc,mmu      ] GC(14) Y: MMU: 2ms/98.0%, 5ms/99.1%, 10ms/99.4%, 20ms/99.7%, 50ms/99.8%, 100ms/99.8%
[9.162s][info][gc,marking  ] GC(14) Y: Mark: 1 stripe(s), 1 proactive flush(es), 1 terminate flush(es), 0 completion(s), 0 continuation(s) 
[9.162s][info][gc,marking  ] GC(14) Y: Mark Stack Usage: 0M
[9.162s][info][gc,nmethod  ] GC(14) Y: NMethods: 301 registered, 90 unregistered
[9.162s][info][gc,metaspace] GC(14) Y: Metaspace: 0M used, 0M committed, 1088M reserved
[9.162s][info][gc,heap     ] GC(14) Y: Min Capacity: 8M(0%)
[9.162s][info][gc,heap     ] GC(14) Y: Max Capacity: 6144M(100%)
[9.162s][info][gc,heap     ] GC(14) Y: Soft Max Capacity: 6144M(100%)
[9.162s][info][gc,heap     ] GC(14) Y: Heap Statistics:
[9.162s][info][gc,heap     ] GC(14) Y:                Mark Start          Mark End        Relocate Start      Relocate End           High               Low         
[9.162s][info][gc,heap     ] GC(14) Y:  Capacity:     6144M (100%)       6144M (100%)       6144M (100%)       6144M (100%)       6144M (100%)       6144M (100%)   
[9.162s][info][gc,heap     ] GC(14) Y:      Free:        0M (0%)            0M (0%)            0M (0%)            0M (0%)            0M (0%)            0M (0%)     
[9.162s][info][gc,heap     ] GC(14) Y:      Used:     6144M (100%)       6144M (100%)       6144M (100%)       6144M (100%)       6144M (100%)       6144M (100%)   
[9.162s][info][gc,heap     ] GC(14) Y: Young Generation Statistics:
[9.162s][info][gc,heap     ] GC(14) Y:                Mark Start          Mark End        Relocate Start      Relocate End    
[9.162s][info][gc,heap     ] GC(14) Y:      Used:        0M (0%)            0M (0%)            0M (0%)            0M (0%)     
[9.162s][info][gc,heap     ] GC(14) Y:      Live:         -                 0M (0%)            0M (0%)            0M (0%)     
[9.162s][info][gc,heap     ] GC(14) Y:   Garbage:         -                 0M (0%)            0M (0%)            0M (0%)     
[9.162s][info][gc,heap     ] GC(14) Y: Allocated:         -                 0M (0%)            0M (0%)            0M (0%)     
[9.162s][info][gc,heap     ] GC(14) Y: Reclaimed:         -                  -                 0M (0%)            0M (0%)     
[9.162s][info][gc,heap     ] GC(14) Y:  Promoted:         -                  -                 0M (0%)            0M (0%)     
[9.162s][info][gc,heap     ] GC(14) Y: Compacted:         -                  -                  -                 0M (0%)     
[9.162s][info][gc,phases   ] GC(14) Y: Young Generation (Collect Roots) 6144M(100%)->6144M(100%) 0.023s
[9.162s][info][gc,phases   ] GC(14) O: Old Generation
[9.198s][info][gc,phases   ] GC(14) O: Concurrent Mark 35.342ms
[9.198s][info][gc,phases   ] GC(14) O: Pause Mark End 0.015ms
[9.198s][info][gc,phases   ] GC(14) O: Concurrent Mark Free 0.001ms
[9.199s][info][gc,phases   ] GC(14) O: Concurrent Process Non-Strong 0.752ms
[9.199s][info][gc,phases   ] GC(14) O: Concurrent Reset Relocation Set 0.001ms
[9.203s][info][gc,phases   ] GC(14) O: Concurrent Select Relocation Set 4.199ms
[9.203s][info][gc,task     ] GC(14) O: Using 1 Workers for Old Generation
[9.241s][info][gc,task     ] GC(14) O: Using 1 Workers for Old Generation
[9.241s][info][gc,phases   ] GC(14) O: Concurrent Remap Roots 37.609ms
[9.241s][info][gc,phases   ] GC(14) O: Pause Relocate Start 0.013ms
[9.241s][info][gc,phases   ] GC(14) O: Concurrent Relocate 0.196ms
[9.241s][info][gc,alloc    ] GC(14) O:                         Mark Start        Mark End      Relocate Start    Relocate End   
[9.241s][info][gc,alloc    ] GC(14) O: Allocation Stalls:          1                1                1                1         
[9.241s][info][gc,load     ] GC(14) O: Load: 1.20 (30%) / 0.75 (19%) / 0.68 (17%)
[9.241s][info][gc,mmu      ] GC(14) O: MMU: 2ms/98.0%, 5ms/99.1%, 10ms/99.4%, 20ms/99.7%, 50ms/99.8%, 100ms/99.8%
[9.241s][info][gc,marking  ] GC(14) O: Mark: 1 stripe(s), 1 proactive flush(es), 1 terminate flush(es), 0 completion(s), 0 continuation(s) 
[9.241s][info][gc,marking  ] GC(14) O: Mark Stack Usage: 32M
[9.241s][info][gc,nmethod  ] GC(14) O: NMethods: 301 registered, 90 unregistered
[9.241s][info][gc,metaspace] GC(14) O: Metaspace: 0M used, 0M committed, 1088M reserved
[9.241s][info][gc,ref      ] GC(14) O:                       Encountered   Discovered     Enqueued 
[9.241s][info][gc,ref      ] GC(14) O: Soft References:               24           13            0 
[9.241s][info][gc,ref      ] GC(14) O: Weak References:               95           69            0 
[9.241s][info][gc,ref      ] GC(14) O: Final References:               0            0            0 
[9.241s][info][gc,ref      ] GC(14) O: Phantom References:             1            1            0 
[9.241s][info][gc,reloc    ] GC(14) O:                        Candidates     Selected     In-Place         Size        Empty    Relocated 
[9.241s][info][gc,reloc    ] GC(14) O: Small Pages:                 3072            0            0        6144M           0M           0M 
[9.241s][info][gc,reloc    ] GC(14) O: Medium Pages:                   0            0            0           0M           0M           0M 
[9.241s][info][gc,reloc    ] GC(14) O: Large Pages:                    0            0            0           0M           0M           0M 
[9.241s][info][gc,reloc    ] GC(14) O: Forwarding Usage: 0M
[9.241s][info][gc,heap     ] GC(14) O: Min Capacity: 8M(0%)
[9.241s][info][gc,heap     ] GC(14) O: Max Capacity: 6144M(100%)
[9.241s][info][gc,heap     ] GC(14) O: Soft Max Capacity: 6144M(100%)
[9.241s][info][gc,heap     ] GC(14) O: Heap Statistics:
[9.241s][info][gc,heap     ] GC(14) O:                Mark Start          Mark End        Relocate Start      Relocate End           High               Low         
[9.241s][info][gc,heap     ] GC(14) O:  Capacity:     6144M (100%)       6144M (100%)       6144M (100%)       6144M (100%)       6144M (100%)       6144M (100%)   
[9.241s][info][gc,heap     ] GC(14) O:      Free:        0M (0%)            0M (0%)            0M (0%)            0M (0%)            0M (0%)            0M (0%)     
[9.241s][info][gc,heap     ] GC(14) O:      Used:     6144M (100%)       6144M (100%)       6144M (100%)       6144M (100%)       6144M (100%)       6144M (100%)   
[9.241s][info][gc,heap     ] GC(14) O: Old Generation Statistics:
[9.241s][info][gc,heap     ] GC(14) O:                Mark Start          Mark End        Relocate Start      Relocate End    
[9.241s][info][gc,heap     ] GC(14) O:      Used:     6144M (100%)       6144M (100%)       6144M (100%)       6144M (100%)   
[9.241s][info][gc,heap     ] GC(14) O:      Live:         -              5861M (95%)        5861M (95%)        5861M (95%)    
[9.241s][info][gc,heap     ] GC(14) O:   Garbage:         -               282M (5%)          282M (5%)          282M (5%)     
[9.241s][info][gc,heap     ] GC(14) O: Allocated:         -                 0M (0%)            0M (0%)            0M (0%)     
[9.241s][info][gc,heap     ] GC(14) O: Reclaimed:         -                  -                 0M (0%)            0M (0%)     
[9.241s][info][gc,heap     ] GC(14) O: Compacted:         -                  -                  -                 0M (0%)     
[9.241s][info][gc,phases   ] GC(14) O: Old Generation 6144M(100%)->6144M(100%) 0.079s
[9.241s][info][gc          ] GC(14) Major Collection (Allocation Stall) 6144M(100%)->6144M(100%) 0.125s
[9.241s][info][gc          ] Allocation Stall (main) 146.351ms
[9.242s][info][gc          ] Out Of Memory (main)
[9.244s][info][gc          ] GC(15) Minor Collection (Allocation Stall)
[9.244s][info][gc,task     ] GC(15) Using 1 Workers for Young Generation
[9.244s][info][gc,phases   ] GC(15) y: Young Generation
[9.245s][info][gc,phases   ] GC(15) y: Pause Mark Start 0.015ms
[9.262s][info][gc,phases   ] GC(15) y: Concurrent Mark 17.057ms
[9.262s][info][gc,phases   ] GC(15) y: Pause Mark End 0.014ms
[9.262s][info][gc,phases   ] GC(15) y: Concurrent Mark Free 0.001ms
[9.262s][info][gc,phases   ] GC(15) y: Concurrent Reset Relocation Set 0.000ms
[9.266s][info][gc,reloc    ] GC(15) y: Using tenuring threshold: 0 (Computed)
[9.266s][info][gc,phases   ] GC(15) y: Concurrent Select Relocation Set 3.940ms
[9.266s][info][gc,phases   ] GC(15) y: Pause Relocate Start 0.009ms
[9.266s][info][gc,phases   ] GC(15) y: Concurrent Relocate 0.056ms
[9.266s][info][gc,alloc    ] GC(15) y:                         Mark Start        Mark End      Relocate Start    Relocate End   
[9.266s][info][gc,alloc    ] GC(15) y: Allocation Stalls:          1                1                1                1         
[9.266s][info][gc,load     ] GC(15) y: Load: 1.20 (30%) / 0.75 (19%) / 0.68 (17%)
[9.266s][info][gc,mmu      ] GC(15) y: MMU: 2ms/98.0%, 5ms/99.1%, 10ms/99.4%, 20ms/99.7%, 50ms/99.8%, 100ms/99.8%
[9.266s][info][gc,marking  ] GC(15) y: Mark: 1 stripe(s), 1 proactive flush(es), 1 terminate flush(es), 0 completion(s), 0 continuation(s) 
[9.266s][info][gc,marking  ] GC(15) y: Mark Stack Usage: 0M
[9.266s][info][gc,nmethod  ] GC(15) y: NMethods: 301 registered, 90 unregistered
[9.266s][info][gc,metaspace] GC(15) y: Metaspace: 0M used, 0M committed, 1088M reserved
[9.266s][info][gc,heap     ] GC(15) y: Min Capacity: 8M(0%)
[9.266s][info][gc,heap     ] GC(15) y: Max Capacity: 6144M(100%)
[9.266s][info][gc,heap     ] GC(15) y: Soft Max Capacity: 6144M(100%)
[9.266s][info][gc,heap     ] GC(15) y: Heap Statistics:
[9.266s][info][gc,heap     ] GC(15) y:                Mark Start          Mark End        Relocate Start      Relocate End           High               Low         
[9.266s][info][gc,heap     ] GC(15) y:  Capacity:     6144M (100%)       6144M (100%)       6144M (100%)       6144M (100%)       6144M (100%)       6144M (100%)   
[9.266s][info][gc,heap     ] GC(15) y:      Free:        0M (0%)            0M (0%)            0M (0%)            0M (0%)            0M (0%)            0M (0%)     
[9.266s][info][gc,heap     ] GC(15) y:      Used:     6144M (100%)       6144M (100%)       6144M (100%)       6144M (100%)       6144M (100%)       6144M (100%)   
[9.266s][info][gc,heap     ] GC(15) y: Young Generation Statistics:
[9.266s][info][gc,heap     ] GC(15) y:                Mark Start          Mark End        Relocate Start      Relocate End    
[9.266s][info][gc,heap     ] GC(15) y:      Used:        0M (0%)            0M (0%)            0M (0%)            0M (0%)     
[9.266s][info][gc,heap     ] GC(15) y:      Live:         -                 0M (0%)            0M (0%)            0M (0%)     
[9.266s][info][gc,heap     ] GC(15) y:   Garbage:         -                 0M (0%)            0M (0%)            0M (0%)     
[9.266s][info][gc,heap     ] GC(15) y: Allocated:         -                 0M (0%)            0M (0%)            0M (0%)     
[9.266s][info][gc,heap     ] GC(15) y: Reclaimed:         -                  -                 0M (0%)            0M (0%)     
[9.266s][info][gc,heap     ] GC(15) y:  Promoted:         -                  -                 0M (0%)            0M (0%)     
[9.266s][info][gc,heap     ] GC(15) y: Compacted:         -                  -                  -                 0M (0%)     
[9.266s][info][gc,phases   ] GC(15) y: Young Generation 6144M(100%)->6144M(100%) 0.022s
[9.266s][info][gc          ] GC(15) Minor Collection (Allocation Stall) 6144M(100%)->6144M(100%) 0.022s
[9.266s][info][gc,ref      ] Clearing All SoftReferences
[9.266s][info][gc          ] GC(16) Major Collection (Allocation Stall)
[9.266s][info][gc,task     ] GC(16) Using 1 Workers for Young Generation
[9.266s][info][gc,task     ] GC(16) Using 1 Workers for Old Generation
[9.266s][info][gc,phases   ] GC(16) Y: Young Generation (Promote All)
[9.266s][info][gc,phases   ] GC(16) Y: Pause Mark Start 0.007ms
[9.283s][info][gc,phases   ] GC(16) Y: Concurrent Mark 16.811ms
[9.283s][info][gc,phases   ] GC(16) Y: Pause Mark End 0.015ms
[9.283s][info][gc,phases   ] GC(16) Y: Concurrent Mark Free 0.001ms
[9.283s][info][gc,phases   ] GC(16) Y: Concurrent Reset Relocation Set 0.000ms
[9.287s][info][gc,reloc    ] GC(16) Y: Using tenuring threshold: 0 (Promote All)
[9.287s][info][gc,phases   ] GC(16) Y: Concurrent Select Relocation Set 3.762ms
[9.287s][info][gc,phases   ] GC(16) Y: Pause Relocate Start 0.031ms
[9.287s][info][gc,phases   ] GC(16) Y: Concurrent Relocate 0.049ms
[9.287s][info][gc,alloc    ] GC(16) Y:                         Mark Start        Mark End      Relocate Start    Relocate End   
[9.287s][info][gc,alloc    ] GC(16) Y: Allocation Stalls:          1                1                1                1         
[9.287s][info][gc,load     ] GC(16) Y: Load: 1.20 (30%) / 0.75 (19%) / 0.68 (17%)
[9.287s][info][gc,mmu      ] GC(16) Y: MMU: 2ms/98.0%, 5ms/99.1%, 10ms/99.4%, 20ms/99.7%, 50ms/99.8%, 100ms/99.8%
[9.287s][info][gc,marking  ] GC(16) Y: Mark: 1 stripe(s), 1 proactive flush(es), 1 terminate flush(es), 0 completion(s), 0 continuation(s) 
[9.287s][info][gc,marking  ] GC(16) Y: Mark Stack Usage: 0M
[9.287s][info][gc,nmethod  ] GC(16) Y: NMethods: 301 registered, 90 unregistered
[9.287s][info][gc,metaspace] GC(16) Y: Metaspace: 0M used, 0M committed, 1088M reserved
[9.287s][info][gc,heap     ] GC(16) Y: Min Capacity: 8M(0%)
[9.287s][info][gc,heap     ] GC(16) Y: Max Capacity: 6144M(100%)
[9.287s][info][gc,heap     ] GC(16) Y: Soft Max Capacity: 6144M(100%)
[9.287s][info][gc,heap     ] GC(16) Y: Heap Statistics:
[9.287s][info][gc,heap     ] GC(16) Y:                Mark Start          Mark End        Relocate Start      Relocate End           High               Low         
[9.287s][info][gc,heap     ] GC(16) Y:  Capacity:     6144M (100%)       6144M (100%)       6144M (100%)       6144M (100%)       6144M (100%)       6144M (100%)   
[9.287s][info][gc,heap     ] GC(16) Y:      Free:        0M (0%)            0M (0%)            0M (0%)            0M (0%)            0M (0%)            0M (0%)     
[9.287s][info][gc,heap     ] GC(16) Y:      Used:     6144M (100%)       6144M (100%)       6144M (100%)       6144M (100%)       6144M (100%)       6144M (100%)   
[9.287s][info][gc,heap     ] GC(16) Y: Young Generation Statistics:
[9.287s][info][gc,heap     ] GC(16) Y:                Mark Start          Mark End        Relocate Start      Relocate End    
[9.287s][info][gc,heap     ] GC(16) Y:      Used:        0M (0%)            0M (0%)            0M (0%)            0M (0%)     
[9.287s][info][gc,heap     ] GC(16) Y:      Live:         -                 0M (0%)            0M (0%)            0M (0%)     
[9.288s][info][gc,heap     ] GC(16) Y:   Garbage:         -                 0M (0%)            0M (0%)            0M (0%)     
[9.288s][info][gc,heap     ] GC(16) Y: Allocated:         -                 0M (0%)            0M (0%)            0M (0%)     
[9.288s][info][gc,heap     ] GC(16) Y: Reclaimed:         -                  -                 0M (0%)            0M (0%)     
[9.288s][info][gc,heap     ] GC(16) Y:  Promoted:         -                  -                 0M (0%)            0M (0%)     
[9.288s][info][gc,heap     ] GC(16) Y: Compacted:         -                  -                  -                 0M (0%)     
[9.288s][info][gc,phases   ] GC(16) Y: Young Generation (Promote All) 6144M(100%)->6144M(100%) 0.021s
[9.288s][info][gc,phases   ] GC(16) Y: Young Generation (Collect Roots)
[9.288s][info][gc,phases   ] GC(16) Y: Pause Mark Start (Major) 0.008ms
[9.306s][info][gc,phases   ] GC(16) Y: Concurrent Mark 18.783ms
[9.307s][info][gc,phases   ] GC(16) Y: Pause Mark End 0.010ms
[9.307s][info][gc,phases   ] GC(16) Y: Concurrent Mark Free 0.001ms
[9.307s][info][gc,phases   ] GC(16) Y: Concurrent Reset Relocation Set 0.001ms
[9.310s][info][gc,reloc    ] GC(16) Y: Using tenuring threshold: 0 (Computed)
[9.311s][info][gc,phases   ] GC(16) Y: Concurrent Select Relocation Set 4.019ms
[9.311s][info][gc,phases   ] GC(16) Y: Pause Relocate Start 0.008ms
[9.311s][info][gc,phases   ] GC(16) Y: Concurrent Relocate 0.066ms
[9.311s][info][gc,alloc    ] GC(16) Y:                         Mark Start        Mark End      Relocate Start    Relocate End   
[9.311s][info][gc,alloc    ] GC(16) Y: Allocation Stalls:          1                1                1                1         
[9.311s][info][gc,load     ] GC(16) Y: Load: 1.20 (30%) / 0.75 (19%) / 0.68 (17%)
[9.311s][info][gc,mmu      ] GC(16) Y: MMU: 2ms/98.0%, 5ms/98.9%, 10ms/99.4%, 20ms/99.7%, 50ms/99.8%, 100ms/99.8%
[9.311s][info][gc,marking  ] GC(16) Y: Mark: 1 stripe(s), 1 proactive flush(es), 1 terminate flush(es), 0 completion(s), 0 continuation(s) 
[9.311s][info][gc,marking  ] GC(16) Y: Mark Stack Usage: 0M
[9.311s][info][gc,nmethod  ] GC(16) Y: NMethods: 301 registered, 90 unregistered
[9.311s][info][gc,metaspace] GC(16) Y: Metaspace: 0M used, 0M committed, 1088M reserved
[9.311s][info][gc,heap     ] GC(16) Y: Min Capacity: 8M(0%)
[9.311s][info][gc,heap     ] GC(16) Y: Max Capacity: 6144M(100%)
[9.311s][info][gc,heap     ] GC(16) Y: Soft Max Capacity: 6144M(100%)
[9.311s][info][gc,heap     ] GC(16) Y: Heap Statistics:
[9.311s][info][gc,heap     ] GC(16) Y:                Mark Start          Mark End        Relocate Start      Relocate End           High               Low         
[9.311s][info][gc,heap     ] GC(16) Y:  Capacity:     6144M (100%)       6144M (100%)       6144M (100%)       6144M (100%)       6144M (100%)       6144M (100%)   
[9.311s][info][gc,heap     ] GC(16) Y:      Free:        0M (0%)            0M (0%)            0M (0%)            0M (0%)            0M (0%)            0M (0%)     
[9.311s][info][gc,heap     ] GC(16) Y:      Used:     6144M (100%)       6144M (100%)       6144M (100%)       6144M (100%)       6144M (100%)       6144M (100%)   
[9.311s][info][gc,heap     ] GC(16) Y: Young Generation Statistics:
[9.311s][info][gc,heap     ] GC(16) Y:                Mark Start          Mark End        Relocate Start      Relocate End    
[9.311s][info][gc,heap     ] GC(16) Y:      Used:        0M (0%)            0M (0%)            0M (0%)            0M (0%)     
[9.311s][info][gc,heap     ] GC(16) Y:      Live:         -                 0M (0%)            0M (0%)            0M (0%)     
[9.311s][info][gc,heap     ] GC(16) Y:   Garbage:         -                 0M (0%)            0M (0%)            0M (0%)     
[9.311s][info][gc,heap     ] GC(16) Y: Allocated:         -                 0M (0%)            0M (0%)            0M (0%)     
[9.311s][info][gc,heap     ] GC(16) Y: Reclaimed:         -                  -                 0M (0%)            0M (0%)     
[9.311s][info][gc,heap     ] GC(16) Y:  Promoted:         -                  -                 0M (0%)            0M (0%)     
[9.311s][info][gc,heap     ] GC(16) Y: Compacted:         -                  -                  -                 0M (0%)     
[9.311s][info][gc,phases   ] GC(16) Y: Young Generation (Collect Roots) 6144M(100%)->6144M(100%) 0.023s
[9.311s][info][gc,phases   ] GC(16) O: Old Generation
[9.314s][info][gc,phases   ] GC(16) O: Concurrent Mark 2.758ms
[9.314s][info][gc,phases   ] GC(16) O: Pause Mark End 0.008ms
[9.314s][info][gc,phases   ] GC(16) O: Concurrent Mark Free 0.001ms
[9.315s][info][gc,phases   ] GC(16) O: Concurrent Process Non-Strong 0.730ms
[9.315s][info][gc,phases   ] GC(16) O: Concurrent Reset Relocation Set 0.001ms
[9.315s][info][gc          ] Allocation Stall (main) 70.758ms
[9.330s][info][gc,exit     ] Stopping ZGC
[9.336s][info][gc,phases   ] GC(16) O: Old Generation Aborted
[9.336s][info][gc          ] GC(16) Major Collection (Allocation Stall) Aborted
[9.336s][info][gc,stats    ] === Garbage Collection Statistics =======================================================================================================================
[9.336s][info][gc,stats    ]                                                              Last 10s              Last 10m              Last 10h                Total
[9.336s][info][gc,stats    ]                                                              Avg / Max             Avg / Max             Avg / Max             Avg / Max
[9.336s][info][gc,stats    ]        Contention: Mark Segment Reset Contention                     0 / 0                 0 / 0                 0 / 0                 0 / 0           ops/s
[9.336s][info][gc,stats    ]        Contention: Mark SeqNum Reset Contention                      0 / 0                 0 / 0                 0 / 0                 0 / 0           ops/s
[9.336s][info][gc,stats    ]          Critical: Allocation Stall                                  0 / 7                 0 / 7                 0 / 7                 0 / 7           ops/s
[9.336s][info][gc,stats    ]          Critical: Allocation Stall                            115.210 / 373.424     115.210 / 373.424     115.210 / 373.424     115.210 / 373.424     ms
[9.336s][info][gc,stats    ]          Critical: JNI Critical Stall                                0 / 0                 0 / 0                 0 / 0                 0 / 0           ops/s
[9.336s][info][gc,stats    ]          Critical: JNI Critical Stall                            0.000 / 0.000         0.000 / 0.000         0.000 / 0.000         0.000 / 0.000       ms
[9.336s][info][gc,stats    ]          Critical: Relocation Stall                                  0 / 1                 0 / 1                 0 / 1                 0 / 1           ops/s
[9.336s][info][gc,stats    ]          Critical: Relocation Stall                              1.415 / 1.415         1.415 / 1.415         1.415 / 1.415         1.415 / 1.415       ms
[9.336s][info][gc,stats    ]  Major Collection: Major Collection                            409.420 / 1353.565    409.420 / 1353.565    409.420 / 1353.565    409.420 / 1353.565    ms
[9.336s][info][gc,stats    ]            Memory: Allocation Rate                                 684 / 1188            684 / 1188            684 / 1188            684 / 1188        MB/s
[9.336s][info][gc,stats    ]            Memory: Defragment                                        0 / 0                 0 / 0                 0 / 0                 0 / 0           ops/s
[9.336s][info][gc,stats    ]            Memory: Out Of Memory                                     0 / 0                 0 / 0                 0 / 0                 0 / 0           ops/s
[9.336s][info][gc,stats    ]            Memory: Page Cache Flush                                  0 / 0                 0 / 0                 0 / 0                 0 / 0           MB/s
[9.336s][info][gc,stats    ]            Memory: Page Cache Hit L1                                 2 / 7                 2 / 7                 2 / 7                 2 / 7           ops/s
[9.336s][info][gc,stats    ]            Memory: Page Cache Hit L2                                 0 / 0                 0 / 0                 0 / 0                 0 / 0           ops/s
[9.336s][info][gc,stats    ]            Memory: Page Cache Hit L3                                 6 / 60                6 / 60                6 / 60                6 / 60          ops/s
[9.336s][info][gc,stats    ]            Memory: Page Cache Miss                                 334 / 595             334 / 595             334 / 595             334 / 595         ops/s
[9.336s][info][gc,stats    ]            Memory: Uncommit                                          0 / 0                 0 / 0                 0 / 0                 0 / 0           MB/s
[9.336s][info][gc,stats    ]            Memory: Undo Object Allocation Failed                     0 / 0                 0 / 0                 0 / 0                 0 / 0           ops/s
[9.336s][info][gc,stats    ]            Memory: Undo Object Allocation Succeeded                  0 / 0                 0 / 0                 0 / 0                 0 / 0           ops/s
[9.336s][info][gc,stats    ]            Memory: Undo Page Allocation                              0 / 0                 0 / 0                 0 / 0                 0 / 0           ops/s
[9.336s][info][gc,stats    ]  Minor Collection: Minor Collection                            177.563 / 643.392     177.563 / 643.392     177.563 / 643.392     177.563 / 643.392     ms
[9.336s][info][gc,stats    ]    Old Generation: Old Generation                              198.341 / 557.694     198.341 / 557.694     198.341 / 557.694     198.341 / 557.694     ms
[9.336s][info][gc,stats    ]         Old Pause: Pause Mark End                                0.016 / 0.018         0.016 / 0.018         0.016 / 0.018         0.016 / 0.018       ms
[9.336s][info][gc,stats    ]         Old Pause: Pause Relocate Start                          0.014 / 0.016         0.014 / 0.016         0.014 / 0.016         0.014 / 0.016       ms
[9.336s][info][gc,stats    ]         Old Phase: Concurrent Mark                             107.587 / 372.749     107.587 / 372.749     107.587 / 372.749     107.587 / 372.749     ms
[9.336s][info][gc,stats    ]         Old Phase: Concurrent Mark Continue                      0.000 / 0.000         0.000 / 0.000         0.000 / 0.000         0.000 / 0.000       ms
[9.336s][info][gc,stats    ]         Old Phase: Concurrent Mark Free                          0.005 / 0.026         0.005 / 0.026         0.005 / 0.026         0.005 / 0.026       ms
[9.336s][info][gc,stats    ]         Old Phase: Concurrent Process Non-Strong                 1.233 / 2.358         1.233 / 2.358         1.233 / 2.358         1.233 / 2.358       ms
[9.336s][info][gc,stats    ]         Old Phase: Concurrent Relocate                           1.251 / 3.500         1.251 / 3.500         1.251 / 3.500         1.251 / 3.500       ms
[9.336s][info][gc,stats    ]         Old Phase: Concurrent Remap Roots                       37.180 / 55.334       37.180 / 55.334       37.180 / 55.334       37.180 / 55.334      ms
[9.336s][info][gc,stats    ]         Old Phase: Concurrent Reset Relocation Set               0.001 / 0.002         0.001 / 0.002         0.001 / 0.002         0.001 / 0.002       ms
[9.336s][info][gc,stats    ]         Old Phase: Concurrent Select Relocation Set              4.652 / 5.830         4.652 / 5.830         4.652 / 5.830         4.652 / 5.830       ms
[9.336s][info][gc,stats    ]      Old Subphase: Concurrent Classes Purge                      0.038 / 0.103         0.038 / 0.103         0.038 / 0.103         0.038 / 0.103       ms
[9.336s][info][gc,stats    ]      Old Subphase: Concurrent Classes Unlink                     0.794 / 1.662         0.794 / 1.662         0.794 / 1.662         0.794 / 1.662       ms
[9.336s][info][gc,stats    ]      Old Subphase: Concurrent Mark Follow                      107.222 / 372.248     107.222 / 372.248     107.222 / 372.248     107.222 / 372.248     ms
[9.336s][info][gc,stats    ]      Old Subphase: Concurrent Mark Root Colored                  0.036 / 0.079         0.036 / 0.079         0.036 / 0.079         0.036 / 0.079       ms
[9.336s][info][gc,stats    ]      Old Subphase: Concurrent Mark Root Uncolored                0.267 / 0.368         0.267 / 0.368         0.267 / 0.368         0.267 / 0.368       ms
[9.336s][info][gc,stats    ]      Old Subphase: Concurrent Mark Roots                         0.361 / 0.495         0.361 / 0.495         0.361 / 0.495         0.361 / 0.495       ms
[9.336s][info][gc,stats    ]      Old Subphase: Concurrent References Enqueue                 0.004 / 0.016         0.004 / 0.016         0.004 / 0.016         0.004 / 0.016       ms
[9.336s][info][gc,stats    ]      Old Subphase: Concurrent References Process                 0.078 / 0.143         0.078 / 0.143         0.078 / 0.143         0.078 / 0.143       ms
[9.336s][info][gc,stats    ]      Old Subphase: Concurrent Remap Remembered                  36.661 / 54.337       36.661 / 54.337       36.661 / 54.337       36.661 / 54.337      ms
[9.336s][info][gc,stats    ]      Old Subphase: Concurrent Remap Roots Colored                0.090 / 0.183         0.090 / 0.183         0.090 / 0.183         0.090 / 0.183       ms
[9.336s][info][gc,stats    ]      Old Subphase: Concurrent Remap Roots Uncolored              0.250 / 0.659         0.250 / 0.659         0.250 / 0.659         0.250 / 0.659       ms
[9.337s][info][gc,stats    ]      Old Subphase: Concurrent Roots ClassLoaderDataGraph         0.025 / 0.070         0.025 / 0.070         0.025 / 0.070         0.025 / 0.070       ms
[9.337s][info][gc,stats    ]      Old Subphase: Concurrent Roots CodeCache                    0.189 / 0.313         0.189 / 0.313         0.189 / 0.313         0.189 / 0.313       ms
[9.337s][info][gc,stats    ]      Old Subphase: Concurrent Roots JavaThreads                  0.116 / 0.366         0.116 / 0.366         0.116 / 0.366         0.116 / 0.366       ms
[9.337s][info][gc,stats    ]      Old Subphase: Concurrent Roots OopStorageSet                0.000 / 0.000         0.000 / 0.000         0.000 / 0.000         0.000 / 0.000       ms
[9.337s][info][gc,stats    ]      Old Subphase: Concurrent Weak Roots OopStorageSet           0.052 / 0.175         0.052 / 0.175         0.052 / 0.175         0.052 / 0.175       ms
[9.337s][info][gc,stats    ]            System: Java Threads                                     10 / 11               10 / 11               10 / 11               10 / 11          threads
[9.337s][info][gc,stats    ]  Young Generation: Young Generation                            246.888 / 794.593     246.888 / 794.593     246.888 / 794.593     246.888 / 794.593     ms
[9.337s][info][gc,stats    ]  Young Generation: Young Generation                            176.852 / 641.924     176.852 / 641.924     176.852 / 641.924     176.852 / 641.924     ms
[9.337s][info][gc,stats    ]  Young Generation: Young Generation (Collect Roots)             30.084 / 33.298       30.084 / 33.298       30.084 / 33.298       30.084 / 33.298      ms
[9.337s][info][gc,stats    ]  Young Generation: Young Generation (Promote All)               24.739 / 27.891       24.739 / 27.891       24.739 / 27.891       24.739 / 27.891      ms
[9.337s][info][gc,stats    ]       Young Pause: Pause Mark End                                0.017 / 0.023         0.017 / 0.023         0.017 / 0.023         0.017 / 0.023       ms
[9.337s][info][gc,stats    ]       Young Pause: Pause Mark Start                              0.017 / 0.033         0.017 / 0.033         0.017 / 0.033         0.017 / 0.033       ms
[9.337s][info][gc,stats    ]       Young Pause: Pause Mark Start (Major)                      0.015 / 0.021         0.015 / 0.021         0.015 / 0.021         0.015 / 0.021       ms
[9.337s][info][gc,stats    ]       Young Pause: Pause Relocate Start                          0.016 / 0.040         0.016 / 0.040         0.016 / 0.040         0.016 / 0.040       ms
[9.337s][info][gc,stats    ]       Young Phase: Concurrent Mark                              87.637 / 587.769      87.637 / 587.769      87.637 / 587.769      87.637 / 587.769     ms
[9.337s][info][gc,stats    ]       Young Phase: Concurrent Mark Continue                      0.000 / 0.000         0.000 / 0.000         0.000 / 0.000         0.000 / 0.000       ms
[9.337s][info][gc,stats    ]       Young Phase: Concurrent Mark Free                          0.008 / 0.073         0.008 / 0.073         0.008 / 0.073         0.008 / 0.073       ms
[9.337s][info][gc,stats    ]       Young Phase: Concurrent Relocate                           4.537 / 38.571        4.537 / 38.571        4.537 / 38.571        4.537 / 38.571      ms
[9.337s][info][gc,stats    ]       Young Phase: Concurrent Reset Relocation Set               0.460 / 4.775         0.460 / 4.775         0.460 / 4.775         0.460 / 4.775       ms
[9.337s][info][gc,stats    ]       Young Phase: Concurrent Select Relocation Set             44.321 / 478.623      44.321 / 478.623      44.321 / 478.623      44.321 / 478.623     ms
[9.337s][info][gc,stats    ]    Young Subphase: Concurrent Mark Follow                       86.088 / 580.306      86.088 / 580.306      86.088 / 580.306      86.088 / 580.306     ms
[9.337s][info][gc,stats    ]    Young Subphase: Concurrent Mark Root Colored                  0.311 / 1.733         0.311 / 1.733         0.311 / 1.733         0.311 / 1.733       ms
[9.337s][info][gc,stats    ]    Young Subphase: Concurrent Mark Root Uncolored                0.608 / 1.354         0.608 / 1.354         0.608 / 1.354         0.608 / 1.354       ms
[9.337s][info][gc,stats    ]    Young Subphase: Concurrent Mark Roots                         1.545 / 7.459         1.545 / 7.459         1.545 / 7.459         1.545 / 7.459       ms
[9.337s][info][gc,stats    ]    Young Subphase: Concurrent Relocate Remset FP                 4.025 / 37.105        4.025 / 37.105        4.025 / 37.105        4.025 / 37.105      ms
[9.337s][info][gc,stats    ]    Young Subphase: Concurrent Roots ClassLoaderDataGraph         0.055 / 0.099         0.055 / 0.099         0.055 / 0.099         0.055 / 0.099       ms
[9.337s][info][gc,stats    ]    Young Subphase: Concurrent Roots CodeCache                    0.284 / 0.990         0.284 / 0.990         0.284 / 0.990         0.284 / 0.990       ms
[9.337s][info][gc,stats    ]    Young Subphase: Concurrent Roots JavaThreads                  0.164 / 0.791         0.164 / 0.791         0.164 / 0.791         0.164 / 0.791       ms
[9.337s][info][gc,stats    ]    Young Subphase: Concurrent Roots OopStorageSet                0.000 / 0.000         0.000 / 0.000         0.000 / 0.000         0.000 / 0.000       ms
[9.337s][info][gc,stats    ]    Young Subphase: Concurrent Weak Roots OopStorageSet           0.126 / 1.658         0.126 / 1.658         0.126 / 1.658         0.126 / 1.658       ms
[9.337s][info][gc,stats    ] =========================================================================================================================================================
[9.337s][info][gc,heap,exit] Heap
[9.337s][info][gc,heap,exit]  ZHeap           used 42M, capacity 6144M, max capacity 6144M
[9.337s][info][gc,heap,exit]  Metaspace       used 433K, committed 640K, reserved 1114112K
[9.337s][info][gc,heap,exit]   class space    used 13K, committed 128K, reserved 1048576K
